2026-05-26 10:23:48, MOVE, v:1, k:ed@bufferring, mode:DOWN
2026-05-26 10:23:55, MOVE, v:1, k:ed@bufferring, mode:PICK
2026-05-26 10:23:57, MOVE, v:1, k:ed@bufferring, mode:EDIT
2026-05-26 10:23:48, MOVE, v:1, k:ed@bufferring, mode:EDIT
2026-05-26 10:23:48, MOVE, v:1, k:ed@bufferring, mode:EDIT
2026-05-26 10:23:57, MOVE, v:1, k:ed@bufferring, mode:EDIT
2026-05-26 10:36:22, MOVE, v:1, k:ed@bufferring, mode:EDIT
2026-05-26 10:48:36, MOVE, v:1, k:ed@bufferring, mode:BACK
2026-05-26 10:50:15, MOVE, v:1, k:ed@wordsearch, mode:PICK
2026-05-26 10:50:47, MOVE, v:1, k:ed@wordsearch, mode:PICK
2026-05-26 10:51:39, MOVE, v:1, k:ed@wordsearch, mode:PICK
2026-05-26 10:52:47, MOVE, v:1, k:ed@wordsearch, mode:PICK
2026-05-26 10:53:08, MOVE, v:1, k:ed@wordsearch, mode:PICK
2026-05-26 11:21:10, MOVE, v:1, k:ed@wordsearch, mode:PICK
2026-05-26 11:23:25, MOVE, v:1, k:ed@wordsearch, mode:PICK
2026-05-26 11:23:27, MOVE, v:1, k:ed@wordsearch, mode:BACK
2026-05-26 11:24:07, MOVE, v:1, k:ed@wordsearch, mode:PICK
2026-05-26 11:28:41, EXEC, v:1, k:ed@wordsearch, mode:FREE
2026-05-26 13:41:56, MOVE, v:1, k:ed@wordsearch, mode:PICK
2026-05-26 13:43:57, MOVE, v:1, k:ed@wordsearch, mode:PICK
2026-05-26 13:48:32, MOVE, v:1, k:ed@subset_sum, mode:DOWN
2026-05-26 13:48:32, MOVE, v:1, k:ed@subset_sum, mode:PICK
2026-05-26 13:48:40, MOVE, v:1, k:ed@triangulo, mode:PICK
2026-05-26 14:14:03, MOVE, v:1, k:ed@priminhos, mode:DOWN
2026-05-26 14:14:13, MOVE, v:1, k:ed@priminhos, mode:PICK
2026-05-26 14:18:39, MOVE, v:1, k:ed@priminhos, mode:BACK
2026-05-26 14:28:15, MOVE, v:1, k:ed@priminhos, mode:PICK
2026-05-26 14:28:15, MOVE, v:1, k:ed@vetbuild, mode:EDIT
2026-05-26 14:28:15, MOVE, v:1, k:ed@vetbuild, mode:EDIT
2026-05-26 14:28:17, MOVE, v:1, k:ed@vetbuild, mode:EDIT
2026-05-26 14:32:18, MOVE, v:1, k:ed@priminhos, mode:EDIT
2026-05-26 14:38:07, MOVE, v:1, k:ed@priminhos, mode:EDIT
2026-05-26 14:43:05, MOVE, v:1, k:ed@priminhos, mode:EDIT
2026-05-26 14:46:45, MOVE, v:1, k:ed@priminhos, mode:BACK
2026-05-26 18:56:52, MOVE, v:1, k:ed@priminhos, mode:PICK
2026-05-26 18:56:53, EXEC, v:1, k:ed@priminhos, mode:FULL, rate:75, size:65
2026-05-26 18:56:54, EXEC, v:1, k:ed@priminhos, mode:FULL, rate:75
2026-05-26 18:57:13, EXEC, v:1, k:ed@priminhos, mode:FULL, rate:100, size:65
2026-05-26 18:57:14, MOVE, v:1, k:ed@priminhos, mode:BACK
2026-05-26 18:57:26, SELF, v:1, k:ed@priminhos, self:1, rate:100, study:40
2026-05-26 18:57:33, MOVE, v:1, k:ed@priminhos, mode:PICK
2026-05-26 18:57:34, EXEC, v:1, k:ed@priminhos, mode:FULL, rate:0, size:62
2026-05-26 18:57:37, MOVE, v:1, k:ed@priminhos, mode:BACK
2026-05-26 18:57:44, MOVE, v:1, k:ed@priminhos, mode:PICK
2026-05-26 18:57:44, EXEC, v:1, k:ed@priminhos, mode:FULL, rate:0
2026-05-26 18:57:52, MOVE, v:1, k:ed@priminhos, mode:BACK
2026-05-26 18:57:54, MOVE, v:1, k:ed@priminhos, mode:PICK
2026-05-26 18:57:55, EXEC, v:1, k:ed@priminhos, mode:FULL, rate:0, size:52
2026-05-26 18:57:56, EXEC, v:1, k:ed@priminhos, mode:FULL, rate:0
2026-05-26 18:58:07, MOVE, v:1, k:ed@priminhos, mode:BACK
2026-05-26 18:58:13, MOVE, v:1, k:ed@priminhos, mode:PICK
2026-05-26 18:58:15, EXEC, v:1, k:ed@priminhos, mode:FULL, rate:0
2026-05-26 18:58:19, MOVE, v:1, k:ed@priminhos, mode:BACK
2026-05-26 18:58:21, MOVE, v:1, k:ed@priminhos, mode:PICK
2026-05-26 18:58:21, EXEC, v:1, k:ed@priminhos, mode:FULL, rate:0, size:25
2026-05-26 18:58:23, MOVE, v:1, k:ed@priminhos, mode:BACK
2026-05-26 18:58:25, MOVE, v:1, k:ed@priminhos, mode:PICK
2026-05-26 18:58:26, EXEC, v:1, k:ed@priminhos, mode:FULL, rate:0, size:57
2026-05-26 18:58:27, MOVE, v:1, k:ed@priminhos, mode:BACK
2026-05-26 18:58:34, MOVE, v:1, k:ed@priminhos, mode:PICK
2026-05-26 18:58:38, EXEC, v:1, k:ed@priminhos, mode:FULL, rate:0
2026-05-26 18:58:40, MOVE, v:1, k:ed@priminhos, mode:BACK
2026-05-26 18:59:43, MOVE, v:1, k:ed@queimada, mode:PICK
2026-05-26 19:00:03, MOVE, v:1, k:ed@triangulo, mode:PICK
2026-05-26 19:00:34, MOVE, v:1, k:ed@triangulo, mode:PICK
2026-05-26 19:00:49, MOVE, v:1, k:ed@triangulo, mode:PICK
2026-05-26 19:03:22, MOVE, v:1, k:ed@treinando, mode:PICK
2026-05-26 19:04:52, MOVE, v:1, k:ed@triangulo, mode:PICK
2026-05-26 19:04:56, EXEC, v:1, k:ed@triangulo, mode:FULL, rate:75
2026-05-26 19:04:58, MOVE, v:1, k:ed@triangulo, mode:BACK
2026-05-26 19:06:31, MOVE, v:1, k:ed@triangulo, mode:PICK
2026-05-26 19:06:33, EXEC, v:1, k:ed@triangulo, mode:FULL, rate:0, size:156
2026-05-26 19:06:39, MOVE, v:1, k:ed@triangulo, mode:BACK
2026-05-26 19:06:53, MOVE, v:1, k:ed@mdc, mode:PICK
2026-05-26 19:07:58, MOVE, v:1, k:ed@fractais_png, mode:PICK
2026-05-26 19:08:19, MOVE, v:1, k:ed@subset_sum, mode:PICK
2026-05-26 19:19:29, MOVE, v:1, k:ed@wordsearch, mode:PICK
2026-05-26 19:19:40, MOVE, v:1, k:ed@triangulo, mode:PICK
2026-05-26 19:34:48, MOVE, v:1, k:ed@subset_sum, mode:PICK
2026-05-26 19:34:49, EXEC, v:1, k:ed@subset_sum, mode:FULL, rate:0, size:32
2026-05-26 19:34:48, MOVE, v:1, k:ed@subset_sum, mode:EDIT
2026-05-26 19:39:39, MOVE, v:1, k:ed@subset_sum, mode:EDIT
2026-05-26 19:44:39, MOVE, v:1, k:ed@subset_sum, mode:EDIT
2026-05-26 19:49:42, MOVE, v:1, k:ed@subset_sum, mode:EDIT
2026-05-26 19:53:09, MOVE, v:1, k:ed@subset_sum, mode:EDIT
2026-05-26 19:59:45, MOVE, v:1, k:ed@subset_sum, mode:EDIT
2026-05-26 20:04:44, EXEC, v:1, k:ed@subset_sum, mode:FULL, rate:0, size:52
2026-05-26 20:04:36, MOVE, v:1, k:ed@subset_sum, mode:EDIT
2026-05-26 20:04:43, MOVE, v:1, k:ed@subset_sum, mode:EDIT
2026-05-26 20:06:48, EXEC, v:1, k:ed@subset_sum, mode:FULL, rate:0, size:46
2026-05-26 20:07:38, EXEC, v:1, k:ed@subset_sum, mode:FULL, rate:0, size:50
2026-05-26 20:08:15, MOVE, v:1, k:ed@subset_sum, mode:BACK
2026-05-26 20:08:15, MOVE, v:1, k:ed@subset_sum, mode:PICK
2026-05-26 20:08:16, EXEC, v:1, k:ed@subset_sum, mode:FULL, rate:0
2026-05-26 20:08:46, EXEC, v:1, k:ed@subset_sum, mode:FULL, rate:0, size:51
2026-05-26 20:08:44, MOVE, v:1, k:ed@subset_sum, mode:EDIT
2026-05-26 20:08:45, MOVE, v:1, k:ed@subset_sum, mode:EDIT
2026-05-26 20:08:45, MOVE, v:1, k:ed@subset_sum, mode:EDIT
2026-05-26 20:08:45, MOVE, v:1, k:ed@subset_sum, mode:EDIT
2026-05-26 20:10:48, EXEC, v:1, k:ed@subset_sum, mode:FULL, rate:0, size:51
2026-05-26 20:13:03, EXEC, v:1, k:ed@subset_sum, mode:FULL, rate:0, size:47
2026-05-26 20:13:01, MOVE, v:1, k:ed@subset_sum, mode:EDIT
2026-05-26 20:13:02, MOVE, v:1, k:ed@subset_sum, mode:EDIT
2026-05-26 20:14:59, EXEC, v:1, k:ed@subset_sum, mode:FULL, rate:75, size:47
2026-05-26 20:16:16, EXEC, v:1, k:ed@subset_sum, mode:FULL, rate:100, size:46
2026-05-26 20:16:14, MOVE, v:1, k:ed@subset_sum, mode:EDIT
2026-05-26 20:16:15, MOVE, v:1, k:ed@subset_sum, mode:EDIT
2026-05-26 20:23:26, EXEC, v:1, k:ed@subset_sum, mode:FULL, rate:100
2026-05-26 20:23:27, MOVE, v:1, k:ed@subset_sum, mode:BACK
2026-05-26 20:23:39, SELF, v:1, k:ed@subset_sum, self:1, rate:100, study:40, debug:1
2026-05-26 20:26:02, MOVE, v:1, k:ed@wordsearch, mode:PICK
2026-05-26 20:27:30, MOVE, v:1, k:ed@wordsearch, mode:PICK
2026-05-26 20:27:31, EXEC, v:1, k:ed@wordsearch, mode:FULL, rate:100, size:115
2026-05-26 20:27:32, MOVE, v:1, k:ed@wordsearch, mode:BACK
2026-05-26 20:28:54, MOVE, v:1, k:ed@distancia, mode:DOWN
2026-05-26 20:29:45, MOVE, v:1, k:ed@distancia, mode:PICK
2026-05-26 20:29:50, EXEC, v:1, k:ed@distancia, mode:FULL, rate:0, size:5
2026-05-26 20:29:23, MOVE, v:1, k:ed@priminhos, mode:EDIT
2026-05-26 20:34:14, MOVE, v:1, k:ed@distancia, mode:EDIT
2026-05-26 20:29:46, MOVE, v:1, k:ed@distancia, mode:EDIT
2026-05-26 20:29:49, MOVE, v:1, k:ed@distancia, mode:EDIT
2026-05-26 20:34:34, MOVE, v:1, k:ed@distancia, mode:EDIT
2026-05-26 20:29:46, MOVE, v:1, k:ed@distancia, mode:EDIT
2026-05-26 20:29:49, MOVE, v:1, k:ed@distancia, mode:EDIT
2026-05-26 20:34:34, MOVE, v:1, k:ed@distancia, mode:EDIT
2026-05-26 20:42:35, MOVE, v:1, k:ed@distancia, mode:EDIT
2026-05-26 20:42:35, MOVE, v:1, k:ed@distancia, mode:EDIT
2026-05-26 20:54:16, MOVE, v:1, k:ed@distancia, mode:EDIT
2026-05-26 20:54:37, MOVE, v:1, k:ed@distancia, mode:EDIT
2026-05-26 20:56:40, MOVE, v:1, k:ed@distancia, mode:EDIT
2026-05-26 20:56:40, MOVE, v:1, k:ed@distancia, mode:EDIT
2026-05-26 21:09:10, MOVE, v:1, k:ed@distancia, mode:EDIT
2026-05-26 21:09:40, MOVE, v:1, k:ed@distancia, mode:EDIT
2026-05-26 21:11:56, MOVE, v:1, k:ed@distancia, mode:EDIT
2026-05-26 21:11:56, MOVE, v:1, k:ed@distancia, mode:EDIT
2026-05-26 21:15:32, MOVE, v:1, k:ed@distancia, mode:BACK
2026-05-26 21:16:17, MOVE, v:1, k:ed@distancia, mode:PICK
2026-05-26 21:16:53, MOVE, v:1, k:ed@wordsearch, mode:PICK
2026-05-26 21:17:43, MOVE, v:1, k:ed@wordsearch, mode:PICK
2026-05-26 21:23:25, EXEC, v:1, k:ed@wordsearch, mode:FREE
2026-05-26 21:23:56, EXEC, v:1, k:ed@wordsearch, mode:FREE
2026-05-26 22:11:39, MOVE, v:1, k:ed@wordsearch, mode:PICK
2026-05-26 22:11:40, EXEC, v:1, k:ed@wordsearch, mode:FULL, rate:0
2026-05-26 22:11:42, MOVE, v:1, k:ed@wordsearch, mode:BACK
2026-05-26 22:11:43, MOVE, v:1, k:ed@subset_sum, mode:PICK
2026-05-26 22:11:44, EXEC, v:1, k:ed@subset_sum, mode:FULL, rate:0
2026-05-26 22:11:45, MOVE, v:1, k:ed@subset_sum, mode:BACK
2026-05-26 22:11:52, MOVE, v:1, k:ed@wordsearch, mode:PICK
2026-05-26 22:11:52, EXEC, v:1, k:ed@wordsearch, mode:FULL, rate:0
2026-05-26 22:11:53, MOVE, v:1, k:ed@wordsearch, mode:BACK
2026-05-26 22:11:57, MOVE, v:1, k:ed@triangulo, mode:PICK
2026-05-26 22:11:58, EXEC, v:1, k:ed@triangulo, mode:FULL, rate:0, size:62
2026-05-26 22:11:59, MOVE, v:1, k:ed@triangulo, mode:BACK
2026-05-26 22:13:10, MOVE, v:1, k:ed@subset_sum, mode:PICK
2026-05-26 22:13:17, EXEC, v:1, k:ed@subset_sum, mode:FULL, rate:0
2026-05-26 22:13:57, MOVE, v:1, k:ed@subset_sum, mode:BACK
2026-05-26 22:14:16, MOVE, v:1, k:ed@wordsearch, mode:PICK
2026-05-26 22:14:17, EXEC, v:1, k:ed@wordsearch, mode:FULL, rate:0
2026-05-26 22:14:18, MOVE, v:1, k:ed@wordsearch, mode:BACK
2026-05-26 22:14:18, MOVE, v:1, k:ed@subset_sum, mode:PICK
2026-05-26 22:14:19, EXEC, v:1, k:ed@subset_sum, mode:FULL, rate:0
2026-05-26 22:14:19, MOVE, v:1, k:ed@subset_sum, mode:BACK
2026-05-26 22:14:30, MOVE, v:1, k:ed@triangulo, mode:PICK
2026-05-26 22:14:31, EXEC, v:1, k:ed@triangulo, mode:FULL, rate:0
2026-05-26 22:16:19, EXEC, v:1, k:ed@triangulo, mode:FULL, rate:0
2026-05-26 22:17:44, EXEC, v:1, k:ed@triangulo, mode:FULL, rate:0
2026-05-26 22:14:17, MOVE, v:1, k:ed@wordsearch, mode:EDIT
2026-05-26 22:14:19, MOVE, v:1, k:ed@subset_sum, mode:EDIT
2026-05-26 22:17:44, MOVE, v:1, k:ed@triangulo, mode:EDIT
2026-05-26 22:15:33, MOVE, v:1, k:ed@subset_sum, mode:EDIT
2026-05-26 22:20:05, EXEC, v:1, k:ed@triangulo, mode:FULL, rate:0, size:62
2026-05-26 22:20:18, EXEC, v:1, k:ed@triangulo, mode:FULL, rate:0
2026-05-26 22:20:51, EXEC, v:1, k:ed@triangulo, mode:FULL, rate:0
2026-05-26 22:20:51, MOVE, v:1, k:ed@triangulo, mode:BACK
2026-05-26 22:21:05, MOVE, v:1, k:ed@vetbuild, mode:PICK
2026-05-26 22:21:05, EXEC, v:1, k:ed@vetbuild, mode:FULL, rate:0
2026-05-26 22:21:06, MOVE, v:1, k:ed@vetbuild, mode:BACK
2026-05-26 22:21:08, MOVE, v:1, k:ed@setbuild, mode:PICK
2026-05-26 22:21:08, EXEC, v:1, k:ed@setbuild, mode:FULL, rate:0
2026-05-26 22:21:09, MOVE, v:1, k:ed@setbuild, mode:BACK
2026-05-26 22:21:09, MOVE, v:1, k:ed@bettersearch, mode:PICK
2026-05-26 22:21:10, EXEC, v:1, k:ed@bettersearch, mode:FULL, rate:0
2026-05-26 22:21:10, MOVE, v:1, k:ed@bettersearch, mode:BACK
2026-05-26 22:21:11, MOVE, v:1, k:ed@bettersearch, mode:PICK
2026-05-26 22:21:11, EXEC, v:1, k:ed@bettersearch, mode:FULL, rate:0
2026-05-26 22:21:12, MOVE, v:1, k:ed@bettersearch, mode:BACK
2026-05-26 22:22:49, MOVE, v:1, k:ed@wordsearch, mode:PICK
2026-05-26 22:22:50, EXEC, v:1, k:ed@wordsearch, mode:FULL, rate:0
2026-05-26 22:23:27, MOVE, v:1, k:ed@wordsearch, mode:BACK
2026-05-26 22:23:39, MOVE, v:1, k:ed@princesa, mode:PICK
2026-05-26 22:23:39, EXEC, v:1, k:ed@princesa, mode:FULL, rate:0
2026-05-26 22:23:42, MOVE, v:1, k:ed@princesa, mode:BACK
2026-05-26 22:56:32, MOVE, v:1, k:ed@wordsearch, mode:PICK
2026-05-26 22:57:07, MOVE, v:1, k:ed@wordsearch, mode:PICK
2026-05-26 22:57:19, EXEC, v:1, k:ed@wordsearch, mode:FULL, rate:0
2026-05-26 22:57:22, MOVE, v:1, k:ed@wordsearch, mode:BACK
2026-05-26 22:58:15, MOVE, v:1, k:ed@subset_sum, mode:PICK
2026-05-26 22:58:21, MOVE, v:1, k:ed@wordsearch, mode:PICK
2026-05-26 22:58:38, MOVE, v:1, k:ed@wordsearch, mode:PICK
2026-05-26 22:58:43, MOVE, v:1, k:ed@wordsearch, mode:PICK
2026-05-26 23:02:15, MOVE, v:1, k:ed@wordsearch, mode:PICK
2026-05-26 23:02:22, MOVE, v:1, k:ed@wordsearch, mode:PICK
