2026-05-18 10:56:36, MOVE, v:1, k:ed@pintando, mode:PICK
2026-05-18 10:56:39, EXEC, v:1, k:ed@pintando, mode:FULL, rate:100, size:18
2026-05-18 10:56:39, MOVE, v:1, k:ed@pintando, mode:BACK
2026-05-18 10:56:43, MOVE, v:1, k:ed@mumia, mode:PICK
2026-05-18 10:56:45, EXEC, v:1, k:ed@mumia, mode:FULL, rate:100, size:29
2026-05-18 10:56:45, MOVE, v:1, k:ed@mumia, mode:BACK
2026-05-18 10:56:47, MOVE, v:1, k:ed@fuga, mode:PICK
2026-05-18 10:56:48, MOVE, v:1, k:ed@fuga, mode:BACK
2026-05-18 10:56:49, MOVE, v:1, k:ed@fuga, mode:PICK
2026-05-18 10:56:50, EXEC, v:1, k:ed@fuga, mode:FULL, rate:100, size:44
2026-05-18 10:56:51, MOVE, v:1, k:ed@fuga, mode:BACK
2026-05-18 10:56:52, MOVE, v:1, k:ed@pedra, mode:PICK
2026-05-18 10:56:53, EXEC, v:1, k:ed@pedra, mode:FULL, rate:100, size:45
2026-05-18 10:56:53, MOVE, v:1, k:ed@pedra, mode:BACK
2026-05-18 10:56:55, MOVE, v:1, k:ed@casais, mode:PICK
2026-05-18 10:56:56, EXEC, v:1, k:ed@casais, mode:FULL, rate:100, size:40
2026-05-18 10:56:56, MOVE, v:1, k:ed@casais, mode:BACK
2026-05-18 10:56:57, MOVE, v:1, k:ed@baruel, mode:PICK
2026-05-18 10:56:59, EXEC, v:1, k:ed@baruel, mode:FULL, rate:0, size:91
2026-05-18 10:56:59, MOVE, v:1, k:ed@baruel, mode:BACK
2026-05-18 10:57:01, MOVE, v:1, k:ed@baruel, mode:PICK
2026-05-18 10:57:03, EXEC, v:1, k:ed@baruel, mode:FULL, rate:0
2026-05-18 10:58:55, EXEC, v:1, k:ed@baruel, mode:FULL, rate:100, size:80
2026-05-18 10:58:56, MOVE, v:1, k:ed@baruel, mode:BACK
2026-05-18 10:59:00, MOVE, v:1, k:ed@gomos, mode:PICK
2026-05-18 10:59:02, EXEC, v:1, k:ed@gomos, mode:FULL, rate:100, size:42
2026-05-18 10:59:02, MOVE, v:1, k:ed@gomos, mode:BACK
2026-05-18 10:59:06, MOVE, v:1, k:ed@princesa, mode:PICK
2026-05-18 10:59:08, EXEC, v:1, k:ed@princesa, mode:FULL, rate:100, size:66
2026-05-18 10:59:08, MOVE, v:1, k:ed@princesa, mode:BACK
2026-05-18 10:59:09, MOVE, v:1, k:ed@apagando, mode:PICK
2026-05-18 10:59:11, EXEC, v:1, k:ed@apagando, mode:FULL, rate:100, size:41
2026-05-18 10:59:11, MOVE, v:1, k:ed@apagando, mode:BACK
2026-05-18 10:59:12, MOVE, v:1, k:ed@manipulacao, mode:PICK
2026-05-18 10:59:14, EXEC, v:1, k:ed@manipulacao, mode:FULL, rate:100, size:179
2026-05-18 10:59:15, MOVE, v:1, k:ed@manipulacao, mode:BACK
2026-05-18 10:59:16, MOVE, v:1, k:ed@especiais, mode:PICK
2026-05-18 10:59:17, EXEC, v:1, k:ed@especiais, mode:FULL, rate:12, size:204
2026-05-18 10:59:52, MOVE, v:1, k:ed@especiais, mode:BACK
2026-05-18 11:00:12, MOVE, v:1, k:ed@santo, mode:PICK
2026-05-18 11:00:14, EXEC, v:1, k:ed@santo, mode:FULL, rate:0
2026-05-18 11:00:14, MOVE, v:1, k:ed@santo, mode:BACK
2026-05-18 11:00:17, MOVE, v:1, k:ed@fractais_png, mode:PICK
2026-05-18 11:00:24, EXEC, v:1, k:ed@fractais_png, mode:LOCK, rate:0, size:121
2026-05-18 11:00:24, MOVE, v:1, k:ed@fractais_png, mode:BACK
2026-05-18 11:00:55, MOVE, v:1, k:ed@editorint, mode:PICK
2026-05-18 11:00:58, EXEC, v:1, k:ed@editorint, mode:LOCK, rate:0
2026-05-18 11:00:59, MOVE, v:1, k:ed@editorint, mode:BACK
2026-05-18 11:01:43, MOVE, v:1, k:ed@vetbuild, mode:PICK
2026-05-18 11:01:45, EXEC, v:1, k:ed@vetbuild, mode:FULL, rate:100
2026-05-18 11:01:45, MOVE, v:1, k:ed@vetbuild, mode:BACK
2026-05-18 11:01:47, MOVE, v:1, k:ed@setbuild, mode:PICK
2026-05-18 11:01:49, EXEC, v:1, k:ed@setbuild, mode:FULL, rate:100, size:237
2026-05-18 11:01:49, MOVE, v:1, k:ed@setbuild, mode:BACK
2026-05-18 11:02:46, MOVE, v:1, k:ed@editorint, mode:PICK
2026-05-18 11:03:42, MOVE, v:1, k:ed@editorint, mode:PICK
2026-05-18 11:04:01, EXEC, v:1, k:ed@editorint, mode:LOCK, rate:0
2026-05-18 11:04:02, MOVE, v:1, k:ed@editorint, mode:BACK
2026-05-18 11:05:19, MOVE, v:1, k:ed@enesimo, mode:PICK
2026-05-18 11:05:20, EXEC, v:1, k:ed@enesimo, mode:FULL, size:22, fail:COMP
2026-05-18 11:05:23, MOVE, v:1, k:ed@enesimo, mode:BACK
2026-05-18 11:05:24, MOVE, v:1, k:ed@enesimo, mode:PICK
2026-05-18 11:08:49, EXEC, v:1, k:ed@enesimo, mode:FULL, rate:100, size:42
2026-05-18 11:08:50, MOVE, v:1, k:ed@enesimo, mode:BACK
2026-05-18 13:48:33, SELF, v:1, k:ed@fractais_png, self:1, rate:80, friend:au, guided:1, concept:1, problem:1, code:1, debug:1
2026-05-18 13:48:42, MOVE, v:1, k:ed@santo, mode:PICK
2026-05-18 13:48:44, EXEC, v:1, k:ed@santo, mode:FULL, rate:0
2026-05-18 13:48:46, MOVE, v:1, k:ed@santo, mode:BACK
2026-05-18 13:49:04, MOVE, v:1, k:ed@magicsearch, mode:PICK
2026-05-18 13:49:07, EXEC, v:1, k:ed@magicsearch, mode:FULL, rate:100
2026-05-18 13:49:07, MOVE, v:1, k:ed@magicsearch, mode:BACK
2026-05-18 13:49:11, MOVE, v:1, k:ed@iterador, mode:PICK
2026-05-18 13:49:13, EXEC, v:1, k:ed@iterador, mode:FULL, rate:100
2026-05-18 13:49:13, MOVE, v:1, k:ed@iterador, mode:BACK
2026-05-18 13:49:22, SELF, v:1, k:ed@iterador, self:1, rate:100, problem:1
2026-05-18 13:49:43, MOVE, v:1, k:ed@especiais, mode:PICK
2026-05-18 13:49:04, MOVE, v:1, k:ed@magicsearch, mode:EDIT
2026-05-18 13:49:04, MOVE, v:1, k:ed@magicsearch, mode:EDIT
2026-05-18 13:49:05, MOVE, v:1, k:ed@magicsearch, mode:EDIT
2026-05-18 13:49:06, MOVE, v:1, k:ed@magicsearch, mode:EDIT
2026-05-18 13:49:11, MOVE, v:1, k:ed@iterador, mode:EDIT
2026-05-18 13:49:11, MOVE, v:1, k:ed@iterador, mode:EDIT
2026-05-18 13:49:11, MOVE, v:1, k:ed@iterador, mode:EDIT
2026-05-18 13:49:12, MOVE, v:1, k:ed@iterador, mode:EDIT
2026-05-18 13:49:43, MOVE, v:1, k:ed@especiais, mode:EDIT
2026-05-18 13:53:09, MOVE, v:1, k:ed@especiais, mode:EDIT
2026-05-18 13:56:11, EXEC, v:1, k:ed@especiais, mode:FULL, rate:100, size:257
2026-05-18 13:56:13, MOVE, v:1, k:ed@especiais, mode:BACK
2026-05-18 13:56:43, MOVE, v:1, k:ed@editorint, mode:PICK
2026-05-18 13:57:17, MOVE, v:1, k:eval1@baruel, mode:PICK
2026-05-18 13:57:19, EXEC, v:1, k:eval1@baruel, mode:FULL, rate:100
2026-05-18 13:57:19, MOVE, v:1, k:eval1@baruel, mode:BACK
2026-05-18 13:57:21, MOVE, v:1, k:eval1@apagando, mode:PICK
2026-05-18 13:57:23, EXEC, v:1, k:eval1@apagando, mode:FULL, rate:100
2026-05-18 13:57:24, MOVE, v:1, k:eval1@apagando, mode:BACK
2026-05-18 13:57:26, MOVE, v:1, k:eval1@casais, mode:PICK
2026-05-18 13:57:28, EXEC, v:1, k:eval1@casais, mode:FULL, rate:100
2026-05-18 13:57:28, MOVE, v:1, k:eval1@casais, mode:BACK
2026-05-18 13:57:31, SELF, v:1, k:eval1@apagando, self:1, rate:100
2026-05-18 13:57:34, SELF, v:1, k:eval1@casais, self:1, rate:100
2026-05-18 13:57:37, MOVE, v:1, k:eval1@triangulo, mode:PICK
2026-05-18 13:57:39, EXEC, v:1, k:eval1@triangulo, mode:FULL, rate:0, size:47
2026-05-18 13:57:39, MOVE, v:1, k:eval1@triangulo, mode:BACK
2026-05-18 13:57:40, MOVE, v:1, k:eval1@queimada, mode:DOWN
2026-05-18 13:57:43, MOVE, v:1, k:eval1@queimada, mode:PICK
2026-05-18 13:57:46, EXEC, v:1, k:eval1@queimada, mode:FULL, rate:14, size:38
2026-05-18 13:57:46, MOVE, v:1, k:eval1@queimada, mode:BACK
2026-05-18 13:58:16, MOVE, v:1, k:ed@queimada, mode:DOWN
2026-05-18 13:58:22, MOVE, v:1, k:ed@queimada, mode:PICK
2026-05-18 13:58:28, MOVE, v:1, k:ed@queimada, mode:BACK
2026-05-18 13:58:29, MOVE, v:1, k:ed@queimada, mode:PICK
2026-05-18 13:58:32, EXEC, v:1, k:ed@queimada, mode:FULL, rate:16, size:41
2026-05-18 13:58:33, MOVE, v:1, k:ed@queimada, mode:BACK
2026-05-18 13:57:17, MOVE, v:1, k:eval1@baruel, mode:EDIT
2026-05-18 13:57:17, MOVE, v:1, k:eval1@baruel, mode:EDIT
2026-05-18 13:57:18, MOVE, v:1, k:eval1@baruel, mode:EDIT
2026-05-18 13:57:18, MOVE, v:1, k:eval1@baruel, mode:EDIT
2026-05-18 13:57:21, MOVE, v:1, k:eval1@apagando, mode:EDIT
2026-05-18 13:57:21, MOVE, v:1, k:eval1@apagando, mode:EDIT
2026-05-18 13:57:22, MOVE, v:1, k:eval1@apagando, mode:EDIT
2026-05-18 13:57:22, MOVE, v:1, k:eval1@apagando, mode:EDIT
2026-05-18 13:57:26, MOVE, v:1, k:eval1@casais, mode:EDIT
2026-05-18 13:57:26, MOVE, v:1, k:eval1@casais, mode:EDIT
2026-05-18 13:57:26, MOVE, v:1, k:eval1@casais, mode:EDIT
2026-05-18 13:57:27, MOVE, v:1, k:eval1@casais, mode:EDIT
2026-05-18 13:57:37, MOVE, v:1, k:eval1@triangulo, mode:EDIT
2026-05-18 13:57:37, MOVE, v:1, k:eval1@triangulo, mode:EDIT
2026-05-18 13:57:37, MOVE, v:1, k:eval1@triangulo, mode:EDIT
2026-05-18 13:57:38, MOVE, v:1, k:eval1@triangulo, mode:EDIT
2026-05-18 13:57:40, MOVE, v:1, k:eval1@queimada, mode:EDIT
2026-05-18 13:57:40, MOVE, v:1, k:eval1@queimada, mode:EDIT
2026-05-18 13:57:40, MOVE, v:1, k:eval1@queimada, mode:EDIT
2026-05-18 13:57:45, MOVE, v:1, k:eval1@queimada, mode:EDIT
2026-05-18 13:58:25, MOVE, v:1, k:ed@queimada, mode:EDIT
2026-05-18 13:58:16, MOVE, v:1, k:ed@queimada, mode:EDIT
2026-05-18 13:58:25, MOVE, v:1, k:ed@queimada, mode:EDIT
2026-05-18 13:58:31, MOVE, v:1, k:ed@queimada, mode:EDIT
2026-05-18 14:12:11, MOVE, v:1, k:ed@queimada, mode:EDIT
2026-05-18 14:21:40, MOVE, v:1, k:ed@queimada, mode:EDIT
2026-05-18 19:11:26, MOVE, v:1, k:ed@queimada, mode:PICK
2026-05-18 19:13:12, EXEC, v:1, k:ed@queimada, mode:FULL, rate:100, size:53
2026-05-18 19:15:34, MOVE, v:1, k:ed@queimada, mode:BACK
2026-05-18 19:15:44, MOVE, v:1, k:ed@queimada, mode:PICK
2026-05-18 19:25:49, EXEC, v:1, k:ed@queimada, mode:FULL, rate:100
2026-05-18 19:25:51, EXEC, v:1, k:ed@queimada, mode:FULL, rate:100
2026-05-18 19:26:53, MOVE, v:1, k:ed@queimada, mode:BACK
2026-05-18 19:27:18, SELF, v:1, k:ed@queimada, self:1, rate:100, concept:1
2026-05-18 19:27:32, MOVE, v:1, k:ed@labirinto, mode:DOWN
2026-05-18 19:27:38, MOVE, v:1, k:ed@labirinto, mode:PICK
2026-05-18 19:25:50, MOVE, v:1, k:ed@queimada, mode:EDIT
2026-05-18 19:27:41, MOVE, v:1, k:ed@labirinto, mode:EDIT
2026-05-18 19:27:32, MOVE, v:1, k:ed@labirinto, mode:EDIT
2026-05-18 19:27:41, MOVE, v:1, k:ed@labirinto, mode:EDIT
2026-05-18 19:34:09, MOVE, v:1, k:ed@labirinto, mode:BACK
2026-05-18 22:33:35, MOVE, v:1, k:ed@editorint, mode:PICK
2026-05-18 22:33:35, MOVE, v:1, k:ed@editorint, mode:EDIT
2026-05-18 22:33:39, MOVE, v:1, k:ed@editorint, mode:EDIT
2026-05-18 22:33:42, MOVE, v:1, k:ed@editorint, mode:EDIT
2026-05-18 22:33:42, MOVE, v:1, k:ed@editorint, mode:EDIT
2026-05-18 22:33:42, MOVE, v:1, k:ed@editorint, mode:EDIT
2026-05-18 22:33:42, MOVE, v:1, k:ed@editorint, mode:EDIT
2026-05-18 22:36:16, MOVE, v:1, k:ed@editorint, mode:BACK
2026-05-18 22:35:42, MOVE, v:1, k:ed@labirinto, mode:EDIT
