2026-04-24 08:59:05, MOVE, v:1, k:ed@vetbuild, mode:PICK
2026-04-24 09:01:58, EXEC, v:1, k:ed@vetbuild, mode:FULL, size:192, fail:COMP
2026-04-24 09:02:23, EXEC, v:1, k:ed@vetbuild, mode:FULL, rate:36, size:192
2026-04-24 08:59:05, MOVE, v:1, k:ed@vetbuild, mode:EDIT
2026-04-24 09:02:15, MOVE, v:1, k:ed@vetbuild, mode:EDIT
2026-04-24 09:02:22, MOVE, v:1, k:ed@vetbuild, mode:EDIT
2026-04-24 09:04:33, EXEC, v:1, k:ed@vetbuild, mode:FULL, rate:36, size:196
2026-04-24 09:08:25, MOVE, v:1, k:ed@vetbuild, mode:EDIT
2026-04-24 09:04:32, MOVE, v:1, k:ed@vetbuild, mode:EDIT
2026-04-24 09:13:39, MOVE, v:1, k:ed@vetbuild, mode:EDIT
2026-04-24 09:17:22, MOVE, v:1, k:ed@vetbuild, mode:EDIT
2026-04-24 09:21:33, MOVE, v:1, k:ed@vetbuild, mode:EDIT
2026-04-24 09:22:51, MOVE, v:1, k:ed@fractais_png, mode:EDIT
2026-04-24 09:27:41, MOVE, v:1, k:ed@vetbuild, mode:EDIT
2026-04-24 09:32:14, EXEC, v:1, k:ed@vetbuild, mode:FULL, rate:36, size:206
2026-04-24 09:33:47, MOVE, v:1, k:ed@vetbuild, mode:EDIT
2026-04-24 09:32:13, MOVE, v:1, k:ed@vetbuild, mode:EDIT
2026-04-24 09:36:12, EXEC, v:1, k:ed@vetbuild, mode:FULL, rate:45, size:215
2026-04-24 09:36:23, EXEC, v:1, k:ed@vetbuild, mode:FULL, rate:45
2026-04-24 09:38:25, MOVE, v:1, k:ed@vetbuild, mode:EDIT
2026-04-24 09:36:22, MOVE, v:1, k:ed@vetbuild, mode:EDIT
2026-04-24 09:43:13, MOVE, v:1, k:ed@vetbuild, mode:EDIT
2026-04-24 09:48:49, MOVE, v:1, k:ed@vetbuild, mode:EDIT
2026-04-24 09:52:18, EXEC, v:1, k:ed@vetbuild, mode:FULL, rate:54, size:227
2026-04-24 09:53:15, MOVE, v:1, k:ed@vetbuild, mode:BACK
2026-04-24 09:55:06, MOVE, v:1, k:ed@vetbuild, mode:PICK
2026-04-24 09:55:10, EXEC, v:1, k:ed@vetbuild, mode:FULL, rate:54
2026-04-24 09:55:42, MOVE, v:1, k:ed@vetbuild, mode:BACK
2026-04-24 21:44:15, MOVE, v:1, k:ed@vetbuild, mode:PICK
2026-04-24 21:44:17, EXEC, v:1, k:ed@vetbuild, mode:FULL, rate:54, size:227
2026-04-24 21:44:15, MOVE, v:1, k:ed@vetbuild, mode:EDIT
2026-04-24 21:44:16, MOVE, v:1, k:ed@vetbuild, mode:EDIT
2026-04-24 21:45:28, MOVE, v:1, k:ed@vetbuild, mode:EDIT
2026-04-24 21:53:43, EXEC, v:1, k:ed@vetbuild, mode:FULL, rate:45, size:232
2026-04-24 21:53:40, MOVE, v:1, k:ed@vetbuild, mode:EDIT
2026-04-24 21:53:43, MOVE, v:1, k:ed@vetbuild, mode:EDIT
2026-04-24 21:55:26, EXEC, v:1, k:ed@vetbuild, mode:FULL, rate:45, size:232
2026-04-24 21:58:53, MOVE, v:1, k:ed@vetbuild, mode:EDIT
2026-04-24 21:55:26, MOVE, v:1, k:ed@vetbuild, mode:EDIT
2026-04-24 22:02:19, EXEC, v:1, k:ed@vetbuild, mode:FULL, rate:45, size:236
2026-04-24 22:03:17, EXEC, v:1, k:ed@vetbuild, mode:FULL, rate:45, size:236
2026-04-24 22:03:13, MOVE, v:1, k:ed@vetbuild, mode:EDIT
2026-04-24 22:03:16, MOVE, v:1, k:ed@vetbuild, mode:EDIT
2026-04-24 22:05:38, EXEC, v:1, k:ed@vetbuild, mode:FULL, rate:45, size:235
2026-04-24 22:05:41, EXEC, v:1, k:ed@vetbuild, mode:FULL, rate:45
2026-04-24 22:06:14, EXEC, v:1, k:ed@vetbuild, mode:FULL, rate:45, size:235
2026-04-24 22:06:36, EXEC, v:1, k:ed@vetbuild, mode:FULL, rate:45, size:235
2026-04-24 22:08:32, EXEC, v:1, k:ed@vetbuild, mode:FULL, rate:45, size:235
2026-04-24 22:08:30, MOVE, v:1, k:ed@vetbuild, mode:EDIT
2026-04-24 22:08:31, MOVE, v:1, k:ed@vetbuild, mode:EDIT
2026-04-24 22:13:50, MOVE, v:1, k:ed@vetbuild, mode:EDIT
2026-04-24 22:18:24, EXEC, v:1, k:ed@vetbuild, mode:FULL, rate:72, size:247
2026-04-24 22:18:09, MOVE, v:1, k:ed@vetbuild, mode:EDIT
2026-04-24 22:18:23, MOVE, v:1, k:ed@vetbuild, mode:EDIT
2026-04-24 22:19:40, EXEC, v:1, k:ed@vetbuild, mode:FULL, rate:45, size:247
2026-04-24 22:19:47, EXEC, v:1, k:ed@vetbuild, mode:FULL, rate:72, size:247
2026-04-24 22:19:45, MOVE, v:1, k:ed@vetbuild, mode:EDIT
2026-04-24 22:19:46, MOVE, v:1, k:ed@vetbuild, mode:EDIT
2026-04-24 22:28:54, EXEC, v:1, k:ed@vetbuild, mode:FULL, rate:18, size:251
2026-04-24 22:28:27, MOVE, v:1, k:ed@vetbuild, mode:EDIT
2026-04-24 22:28:53, MOVE, v:1, k:ed@vetbuild, mode:EDIT
2026-04-24 22:30:57, EXEC, v:1, k:ed@vetbuild, mode:FULL, rate:72, size:256
2026-04-24 22:31:38, MOVE, v:1, k:ed@vetbuild, mode:PICK
2026-04-24 22:31:40, EXEC, v:1, k:ed@vetbuild, mode:FULL, rate:72
2026-04-24 22:32:29, EXEC, v:1, k:ed@vetbuild, mode:FULL, rate:72, size:256
2026-04-24 22:32:28, MOVE, v:1, k:ed@vetbuild, mode:EDIT
2026-04-24 22:35:46, MOVE, v:1, k:ed@vetbuild, mode:EDIT
2026-04-24 22:37:55, EXEC, v:1, k:ed@vetbuild, mode:FULL, rate:81, size:266
2026-04-24 22:41:34, MOVE, v:1, k:ed@vetbuild, mode:EDIT
2026-04-24 22:37:54, MOVE, v:1, k:ed@vetbuild, mode:EDIT
2026-04-24 22:46:33, MOVE, v:1, k:ed@vetbuild, mode:EDIT
2026-04-24 22:49:12, EXEC, v:1, k:ed@vetbuild, mode:FULL, rate:90, size:284
2026-04-24 22:48:04, MOVE, v:1, k:ed@vetbuild, mode:EDIT
2026-04-24 22:49:11, MOVE, v:1, k:ed@vetbuild, mode:EDIT
2026-04-24 22:49:11, MOVE, v:1, k:ed@vetbuild, mode:EDIT
2026-04-24 22:49:11, MOVE, v:1, k:ed@vetbuild, mode:EDIT
2026-04-24 22:54:54, MOVE, v:1, k:ed@vetbuild, mode:EDIT
2026-04-24 23:00:53, MOVE, v:1, k:ed@vetbuild, mode:EDIT
2026-04-24 23:15:56, MOVE, v:1, k:ed@vetbuild, mode:EDIT
2026-04-24 23:20:44, MOVE, v:1, k:ed@vetbuild, mode:EDIT
2026-04-24 23:23:48, MOVE, v:1, k:ed@vetbuild, mode:EDIT
2026-04-24 23:29:42, MOVE, v:1, k:ed@vetbuild, mode:EDIT
2026-04-24 23:36:35, MOVE, v:1, k:ed@vetbuild, mode:EDIT
2026-04-24 23:39:48, EXEC, v:1, k:ed@vetbuild, mode:FULL, rate:90, size:325
2026-04-24 23:41:19, EXEC, v:1, k:ed@vetbuild, mode:FULL, rate:100, size:325
2026-04-24 23:41:21, MOVE, v:1, k:ed@vetbuild, mode:BACK
2026-04-24 23:42:40, SELF, v:1, k:ed@vetbuild, self:1, rate:100
