2026-04-25 15:21:10, MOVE, v:1, k:ed@setbuild, mode:DOWN
2026-04-25 15:21:10, MOVE, v:1, k:ed@setbuild, mode:PICK
2026-04-25 15:21:45, MOVE, v:1, k:ed@setbuild, mode:PICK
2026-04-25 15:24:46, MOVE, v:1, k:ed@setbuild, mode:BACK
2026-04-25 15:24:56, MOVE, v:1, k:ed@vetbuild, mode:PICK
2026-04-25 15:26:39, MOVE, v:1, k:ed@setbuild, mode:EDIT
2026-04-25 15:21:47, MOVE, v:1, k:ed@setbuild, mode:EDIT
2026-04-25 15:24:56, MOVE, v:1, k:ed@vetbuild, mode:EDIT
2026-04-25 15:24:56, MOVE, v:1, k:ed@vetbuild, mode:EDIT
2026-04-25 15:25:00, MOVE, v:1, k:ed@vetbuild, mode:EDIT
2026-04-25 15:30:37, MOVE, v:1, k:ed@setbuild, mode:EDIT
2026-04-25 15:29:40, MOVE, v:1, k:ed@vetbuild, mode:EDIT
2026-04-25 15:36:40, MOVE, v:1, k:ed@setbuild, mode:EDIT
2026-04-25 15:40:12, MOVE, v:1, k:ed@setbuild, mode:EDIT
2026-04-25 15:46:40, MOVE, v:1, k:ed@setbuild, mode:EDIT
2026-04-25 15:51:22, MOVE, v:1, k:ed@setbuild, mode:EDIT
2026-04-25 15:53:22, MOVE, v:1, k:ed@setbuild, mode:EDIT
2026-04-25 16:01:42, MOVE, v:1, k:ed@setbuild, mode:EDIT
2026-04-25 16:04:10, EXEC, v:1, k:ed@vetbuild, mode:FULL, rate:100, size:325
2026-04-25 16:04:15, MOVE, v:1, k:ed@vetbuild, mode:BACK
2026-04-25 16:04:21, MOVE, v:1, k:ed@setbuild, mode:PICK
2026-04-25 16:04:23, EXEC, v:1, k:ed@setbuild, mode:FULL, rate:0, size:132
2026-04-25 16:04:48, EXEC, v:1, k:ed@setbuild, mode:FULL, rate:0, size:132
2026-04-25 16:06:22, MOVE, v:1, k:ed@setbuild, mode:EDIT
2026-04-25 16:04:09, MOVE, v:1, k:ed@vetbuild, mode:EDIT
2026-04-25 16:04:48, MOVE, v:1, k:ed@setbuild, mode:EDIT
2026-04-25 16:10:26, MOVE, v:1, k:ed@setbuild, mode:PICK
2026-04-25 16:10:29, EXEC, v:1, k:ed@setbuild, mode:FULL, rate:0, size:138
2026-04-25 16:10:29, MOVE, v:1, k:ed@setbuild, mode:EDIT
2026-04-25 16:14:16, MOVE, v:1, k:ed@setbuild, mode:EDIT
2026-04-25 16:19:03, MOVE, v:1, k:ed@setbuild, mode:EDIT
2026-04-25 16:25:07, MOVE, v:1, k:ed@setbuild, mode:EDIT
2026-04-25 16:29:16, MOVE, v:1, k:ed@setbuild, mode:EDIT
2026-04-25 16:45:20, EXEC, v:1, k:ed@setbuild, mode:FULL, rate:0, size:152
2026-04-25 16:45:22, MOVE, v:1, k:ed@setbuild, mode:EDIT
2026-04-25 16:44:48, MOVE, v:1, k:ed@setbuild, mode:EDIT
2026-04-25 16:44:58, MOVE, v:1, k:ed@setbuild, mode:EDIT
2026-04-25 16:45:19, MOVE, v:1, k:ed@setbuild, mode:EDIT
2026-04-25 16:45:33, MOVE, v:1, k:ed@vetbuild, mode:EDIT
2026-04-25 16:48:30, EXEC, v:1, k:ed@setbuild, mode:FULL, rate:0, size:156
2026-04-25 16:51:57, MOVE, v:1, k:ed@setbuild, mode:EDIT
2026-04-25 16:48:30, MOVE, v:1, k:ed@setbuild, mode:EDIT
2026-04-25 16:52:54, MOVE, v:1, k:ed@setbuild, mode:BACK
2026-04-25 22:12:17, MOVE, v:1, k:ed@setbuild, mode:PICK
2026-04-25 22:12:20, EXEC, v:1, k:ed@setbuild, mode:FULL, rate:0, size:177
2026-04-25 22:17:09, MOVE, v:1, k:ed@setbuild, mode:EDIT
2026-04-25 22:12:17, MOVE, v:1, k:ed@setbuild, mode:EDIT
2026-04-25 22:12:17, MOVE, v:1, k:ed@setbuild, mode:EDIT
2026-04-25 22:12:19, MOVE, v:1, k:ed@setbuild, mode:EDIT
2026-04-25 22:22:07, MOVE, v:1, k:ed@setbuild, mode:EDIT
2026-04-25 22:24:44, EXEC, v:1, k:ed@setbuild, mode:FULL, rate:0, size:196
2026-04-25 22:25:27, MOVE, v:1, k:ed@setbuild, mode:EDIT
2026-04-25 22:24:43, MOVE, v:1, k:ed@setbuild, mode:EDIT
2026-04-25 22:31:33, MOVE, v:1, k:ed@setbuild, mode:EDIT
2026-04-25 22:31:53, MOVE, v:1, k:ed@setbuild, mode:EDIT
2026-04-25 22:34:17, EXEC, v:1, k:ed@setbuild, mode:FULL, rate:0, size:200
2026-04-25 22:35:06, EXEC, v:1, k:ed@setbuild, mode:FULL, rate:0, size:201
2026-04-25 22:36:41, MOVE, v:1, k:ed@setbuild, mode:EDIT
2026-04-25 22:35:05, MOVE, v:1, k:ed@setbuild, mode:EDIT
2026-04-25 22:41:47, MOVE, v:1, k:ed@setbuild, mode:EDIT
2026-04-25 22:46:51, MOVE, v:1, k:ed@setbuild, mode:EDIT
2026-04-25 22:51:49, MOVE, v:1, k:ed@setbuild, mode:EDIT
2026-04-25 22:57:12, MOVE, v:1, k:ed@setbuild, mode:EDIT
2026-04-25 22:57:35, MOVE, v:1, k:ed@setbuild, mode:EDIT
2026-04-25 23:07:04, MOVE, v:1, k:ed@setbuild, mode:EDIT
2026-04-25 23:12:01, MOVE, v:1, k:ed@setbuild, mode:EDIT
2026-04-25 23:09:04, MOVE, v:1, k:ed@vetbuild, mode:EDIT
2026-04-25 23:16:55, MOVE, v:1, k:ed@setbuild, mode:EDIT
2026-04-25 23:21:51, MOVE, v:1, k:ed@setbuild, mode:EDIT
2026-04-25 23:25:43, MOVE, v:1, k:ed@setbuild, mode:EDIT
2026-04-25 23:31:09, MOVE, v:1, k:ed@setbuild, mode:EDIT
2026-04-25 23:32:47, MOVE, v:1, k:ed@setbuild, mode:BACK
2026-04-25 23:32:56, MOVE, v:1, k:ed@vetbuild, mode:PICK
2026-04-25 23:34:16, MOVE, v:1, k:ed@vetbuild, mode:BACK
2026-04-25 23:34:19, MOVE, v:1, k:ed@setbuild, mode:PICK
2026-04-25 23:34:21, EXEC, v:1, k:ed@setbuild, mode:FULL, rate:0, size:237
2026-04-25 23:34:57, EXEC, v:1, k:ed@setbuild, mode:FULL, rate:0
2026-04-25 23:32:16, MOVE, v:1, k:ed@setbuild, mode:EDIT
2026-04-25 23:36:11, MOVE, v:1, k:ed@setbuild, mode:EDIT
2026-04-25 23:32:56, MOVE, v:1, k:ed@vetbuild, mode:EDIT
2026-04-25 23:32:56, MOVE, v:1, k:ed@vetbuild, mode:EDIT
2026-04-25 23:33:19, MOVE, v:1, k:ed@vetbuild, mode:EDIT
2026-04-25 23:34:19, MOVE, v:1, k:ed@setbuild, mode:EDIT
2026-04-25 23:34:19, MOVE, v:1, k:ed@setbuild, mode:EDIT
2026-04-25 23:34:57, MOVE, v:1, k:ed@setbuild, mode:EDIT
2026-04-25 23:38:09, MOVE, v:1, k:ed@setbuild, mode:BACK
2026-04-25 23:38:11, MOVE, v:1, k:ed@vetbuild, mode:PICK
2026-04-25 23:38:13, EXEC, v:1, k:ed@vetbuild, mode:FULL, rate:100
2026-04-25 23:38:19, MOVE, v:1, k:ed@vetbuild, mode:BACK
2026-04-25 23:39:51, MOVE, v:1, k:ed@setbuild, mode:PICK
2026-04-25 23:39:53, EXEC, v:1, k:ed@setbuild, mode:FULL, rate:0, size:237
2026-04-25 23:38:12, MOVE, v:1, k:ed@vetbuild, mode:EDIT
2026-04-25 23:42:16, MOVE, v:1, k:ed@setbuild, mode:EDIT
2026-04-25 23:39:53, MOVE, v:1, k:ed@setbuild, mode:EDIT
2026-04-25 23:42:31, EXEC, v:1, k:ed@setbuild, mode:FULL, rate:0, size:243
2026-04-25 23:45:13, MOVE, v:1, k:ed@setbuild, mode:EDIT
2026-04-25 23:42:30, MOVE, v:1, k:ed@setbuild, mode:EDIT
2026-04-25 23:51:16, EXEC, v:1, k:ed@setbuild, mode:FULL, rate:33, size:247
2026-04-25 23:51:11, MOVE, v:1, k:ed@setbuild, mode:EDIT
2026-04-25 23:51:15, MOVE, v:1, k:ed@setbuild, mode:EDIT
2026-04-25 23:52:53, EXEC, v:1, k:ed@setbuild, mode:FULL, rate:66, size:247
2026-04-25 23:53:35, EXEC, v:1, k:ed@setbuild, mode:FULL, rate:33, size:241
2026-04-25 23:53:53, EXEC, v:1, k:ed@setbuild, mode:FULL, rate:66, size:247
2026-04-25 23:56:28, EXEC, v:1, k:ed@setbuild, mode:FULL, rate:66, size:247
2026-04-25 23:56:25, MOVE, v:1, k:ed@setbuild, mode:EDIT
2026-04-25 23:56:27, MOVE, v:1, k:ed@setbuild, mode:EDIT
