2026-07-05 21:36:01, MOVE, v:1, k:ed@serial, mode:PICK
2026-07-05 21:36:01, MOVE, v:1, k:ed@serial, mode:EDIT
2026-07-05 21:36:08, MOVE, v:1, k:ed@serial, mode:EDIT
2026-07-05 22:39:36, EXEC, v:1, k:ed@serial, mode:FULL, rate:0
2026-07-05 22:39:34, MOVE, v:1, k:ed@serial, mode:EDIT
2026-07-05 22:40:49, MOVE, v:1, k:ed@serial, mode:EDIT
2026-07-05 22:39:36, MOVE, v:1, k:ed@serial, mode:EDIT
2026-07-05 22:50:46, MOVE, v:1, k:ed@serial, mode:EDIT
2026-07-05 22:55:57, MOVE, v:1, k:ed@serial, mode:EDIT
2026-07-05 23:00:58, MOVE, v:1, k:ed@serial, mode:EDIT
2026-07-05 23:05:53, MOVE, v:1, k:ed@serial, mode:EDIT
2026-07-05 23:06:38, EXEC, v:1, k:ed@serial, mode:FULL, rate:14, size:83
2026-07-05 23:10:29, EXEC, v:1, k:ed@serial, mode:FULL, size:86, fail:COMP
2026-07-05 23:10:36, EXEC, v:1, k:ed@serial, mode:FULL, rate:14, size:86
2026-07-05 23:10:51, EXEC, v:1, k:ed@serial, mode:FULL, rate:14
2026-07-05 23:10:35, MOVE, v:1, k:ed@serial, mode:EDIT
2026-07-05 23:10:50, MOVE, v:1, k:ed@serial, mode:EDIT
2026-07-05 23:12:56, MOVE, v:1, k:ed@serial, mode:BACK
2026-07-05 23:12:57, MOVE, v:1, k:ed@serial, mode:PICK
2026-07-05 23:12:59, EXEC, v:1, k:ed@serial, mode:FULL, rate:14
2026-07-05 23:13:27, MOVE, v:1, k:ed@serial, mode:BACK
2026-07-05 23:13:29, MOVE, v:1, k:ed@serial, mode:PICK
2026-07-05 23:13:47, EXEC, v:1, k:ed@serial, mode:FULL, rate:14
2026-07-05 23:13:46, MOVE, v:1, k:ed@serial, mode:EDIT
2026-07-05 23:19:45, EXEC, v:1, k:ed@serial, mode:FULL, rate:14, size:86
2026-07-05 23:20:57, MOVE, v:1, k:ed@serial, mode:EDIT
2026-07-05 23:19:44, MOVE, v:1, k:ed@serial, mode:EDIT
2026-07-05 23:22:13, EXEC, v:1, k:ed@serial, mode:FULL, rate:14, size:83
2026-07-05 23:22:32, EXEC, v:1, k:ed@serial, mode:FULL, rate:14, size:83
2026-07-05 23:23:54, EXEC, v:1, k:ed@serial, mode:FULL, rate:14
2026-07-05 23:25:16, MOVE, v:1, k:ed@serial, mode:BACK
2026-07-05 23:25:40, MOVE, v:1, k:ed@serial, mode:PICK
2026-07-05 23:25:42, EXEC, v:1, k:ed@serial, mode:FULL, rate:14
2026-07-05 23:25:44, MOVE, v:1, k:ed@serial, mode:BACK
2026-07-05 23:26:25, MOVE, v:1, k:ed@serial, mode:PICK
2026-07-05 23:26:26, EXEC, v:1, k:ed@serial, mode:FULL, rate:14
2026-07-05 23:27:11, MOVE, v:1, k:ed@serial, mode:PICK
2026-07-05 23:27:13, EXEC, v:1, k:ed@serial, mode:FULL, rate:14
2026-07-05 23:27:32, MOVE, v:1, k:ed@serial, mode:BACK
2026-07-05 23:30:57, MOVE, v:1, k:ed@serial, mode:PICK
2026-07-05 23:31:16, EXEC, v:1, k:ed@serial, mode:FULL, rate:14
2026-07-05 23:35:01, EXEC, v:1, k:ed@serial, mode:FULL, rate:14
2026-07-05 23:35:01, MOVE, v:1, k:ed@serial, mode:EDIT
2026-07-05 23:35:57, EXEC, v:1, k:ed@serial, mode:FULL, rate:14
2026-07-05 23:38:42, EXEC, v:1, k:ed@serial, mode:FULL, rate:14, size:83
2026-07-05 23:39:28, EXEC, v:1, k:ed@serial, mode:FULL, rate:14, size:83
2026-07-05 23:39:32, MOVE, v:1, k:ed@serial, mode:BACK
2026-07-05 23:39:41, MOVE, v:1, k:ed@formatada, mode:DOWN
2026-07-05 23:39:43, MOVE, v:1, k:ed@formatada, mode:PICK
2026-07-05 23:41:09, MOVE, v:1, k:ed@serial, mode:PICK
2026-07-05 23:41:55, MOVE, v:1, k:ed@serial, mode:PICK
2026-07-05 23:42:08, EXEC, v:1, k:ed@serial, mode:FULL, rate:14
2026-07-05 23:42:21, MOVE, v:1, k:ed@serial, mode:BACK
