2026-06-16 10:38:44, MOVE, v:1, k:ed@treinando, mode:PICK
2026-06-16 10:38:44, MOVE, v:1, k:ed@treinando, mode:EDIT
2026-06-16 10:41:26, MOVE, v:1, k:ed@treinando, mode:EDIT
2026-06-16 11:30:39, MOVE, v:1, k:ed@treinando, mode:BACK
2026-06-16 14:09:52, MOVE, v:1, k:ed@ilhas, mode:PICK
2026-06-16 14:10:10, MOVE, v:1, k:ed@ilhas, mode:BACK
2026-06-16 14:10:30, MOVE, v:1, k:ed@distancia, mode:PICK
2026-06-16 14:09:52, MOVE, v:1, k:ed@ilhas, mode:EDIT
2026-06-16 14:09:52, MOVE, v:1, k:ed@ilhas, mode:EDIT
2026-06-16 14:09:54, MOVE, v:1, k:ed@ilhas, mode:EDIT
2026-06-16 14:10:30, MOVE, v:1, k:ed@distancia, mode:EDIT
2026-06-16 14:10:30, MOVE, v:1, k:ed@distancia, mode:EDIT
2026-06-16 14:14:14, MOVE, v:1, k:ed@distancia, mode:EDIT
2026-06-16 14:19:07, MOVE, v:1, k:ed@distancia, mode:EDIT
2026-06-16 14:24:04, MOVE, v:1, k:ed@distancia, mode:EDIT
2026-06-16 14:27:20, EXEC, v:1, k:ed@distancia, mode:FULL, size:99, fail:COMP
2026-06-16 14:29:08, MOVE, v:1, k:ed@distancia, mode:EDIT
2026-06-16 14:34:09, MOVE, v:1, k:ed@distancia, mode:EDIT
2026-06-16 14:37:25, MOVE, v:1, k:ed@distancia, mode:EDIT
2026-06-16 14:41:40, MOVE, v:1, k:ed@distancia, mode:EDIT
2026-06-16 14:48:08, MOVE, v:1, k:ed@distancia, mode:EDIT
2026-06-16 14:48:34, MOVE, v:1, k:ed@fractais_png, mode:EDIT
2026-06-16 14:48:34, MOVE, v:1, k:ed@editorint, mode:EDIT
2026-06-16 14:50:41, MOVE, v:1, k:ed@distancia, mode:EDIT
2026-06-16 14:55:12, MOVE, v:1, k:ed@distancia, mode:EDIT
2026-06-16 15:04:17, MOVE, v:1, k:ed@distancia, mode:EDIT
2026-06-16 15:06:53, MOVE, v:1, k:ed@distancia, mode:EDIT
2026-06-16 15:14:17, MOVE, v:1, k:ed@distancia, mode:EDIT
2026-06-16 15:14:27, MOVE, v:1, k:ed@distancia, mode:EDIT
2026-06-16 15:23:55, MOVE, v:1, k:ed@distancia, mode:EDIT
2026-06-16 15:27:58, MOVE, v:1, k:ed@distancia, mode:EDIT
2026-06-16 15:39:18, MOVE, v:1, k:ed@distancia, mode:EDIT
2026-06-16 15:44:02, MOVE, v:1, k:ed@distancia, mode:EDIT
2026-06-16 15:47:44, EXEC, v:1, k:ed@distancia, mode:FULL, rate:0, size:81
2026-06-16 15:47:44, MOVE, v:1, k:ed@distancia, mode:BACK
2026-06-16 15:47:47, MOVE, v:1, k:ed@distancia, mode:PICK
2026-06-16 15:47:49, EXEC, v:1, k:ed@distancia, mode:FULL, rate:0
2026-06-16 15:47:23, MOVE, v:1, k:ed@distancia, mode:EDIT
2026-06-16 15:47:25, MOVE, v:1, k:ed@distancia, mode:EDIT
2026-06-16 15:47:25, MOVE, v:1, k:ed@distancia, mode:EDIT
2026-06-16 15:47:48, MOVE, v:1, k:ed@distancia, mode:EDIT
2026-06-16 15:49:49, EXEC, v:1, k:ed@distancia, mode:FULL, rate:0, size:81
2026-06-16 15:53:11, EXEC, v:1, k:ed@distancia, mode:FULL, rate:0, size:83
2026-06-16 15:53:09, MOVE, v:1, k:ed@distancia, mode:EDIT
2026-06-16 15:53:10, MOVE, v:1, k:ed@distancia, mode:EDIT
2026-06-16 15:55:03, EXEC, v:1, k:ed@distancia, mode:FULL, rate:0, size:83
2026-06-16 15:55:39, EXEC, v:1, k:ed@distancia, mode:FULL, rate:0, size:83
2026-06-16 15:55:51, EXEC, v:1, k:ed@distancia, mode:FULL, rate:0, size:83
2026-06-16 15:57:59, EXEC, v:1, k:ed@distancia, mode:FULL, rate:0, size:83
2026-06-16 15:58:07, EXEC, v:1, k:ed@distancia, mode:FULL, rate:0, size:83
2026-06-16 15:58:52, EXEC, v:1, k:ed@distancia, mode:FULL, rate:28, size:83
2026-06-16 15:58:50, MOVE, v:1, k:ed@distancia, mode:EDIT
2026-06-16 15:58:51, MOVE, v:1, k:ed@distancia, mode:EDIT
2026-06-16 15:59:43, EXEC, v:1, k:ed@distancia, mode:FULL, rate:28
2026-06-16 16:01:03, EXEC, v:1, k:ed@distancia, mode:FULL, rate:28
2026-06-16 16:01:05, EXEC, v:1, k:ed@distancia, mode:FULL, rate:28
2026-06-16 16:01:06, EXEC, v:1, k:ed@distancia, mode:FULL, rate:28
2026-06-16 16:01:18, EXEC, v:1, k:ed@distancia, mode:FULL, rate:28
2026-06-16 16:02:15, MOVE, v:1, k:ed@distancia, mode:BACK
2026-06-16 16:03:10, SELF, v:1, k:ed@distancia, self:1, rate:28, concept:1
2026-06-16 18:42:10, MOVE, v:1, k:ed@distancia, mode:PICK
2026-06-16 18:42:21, MOVE, v:1, k:ed@distancia, mode:BACK
2026-06-16 18:42:34, MOVE, v:1, k:ed@distancia, mode:PICK
2026-06-16 18:42:36, EXEC, v:1, k:ed@distancia, mode:FULL, rate:0, size:86
2026-06-16 18:42:56, EXEC, v:1, k:ed@distancia, mode:FULL, rate:28, size:85
2026-06-16 18:42:55, MOVE, v:1, k:ed@distancia, mode:EDIT
2026-06-16 18:43:45, MOVE, v:1, k:ed@distancia, mode:EDIT
2026-06-16 18:53:33, MOVE, v:1, k:ed@distancia, mode:EDIT
2026-06-16 19:02:33, MOVE, v:1, k:ed@distancia, mode:EDIT
2026-06-16 19:07:32, MOVE, v:1, k:ed@distancia, mode:EDIT
2026-06-16 19:12:29, MOVE, v:1, k:ed@distancia, mode:EDIT
2026-06-16 19:16:00, MOVE, v:1, k:ed@distancia, mode:BACK
