2026-06-27 16:11:31, MOVE, v:1, k:ed@subset_sum, mode:PICK
2026-06-27 16:12:13, MOVE, v:1, k:ed@subset_sum, mode:PICK
2026-06-27 16:12:26, EXEC, v:1, k:ed@subset_sum, mode:FULL, rate:100
2026-06-27 16:12:26, MOVE, v:1, k:ed@subset_sum, mode:BACK
2026-06-27 16:12:59, MOVE, v:1, k:ed@wordsearch, mode:PICK
2026-06-27 16:13:02, EXEC, v:1, k:ed@wordsearch, mode:FULL, rate:100
2026-06-27 16:13:02, MOVE, v:1, k:ed@wordsearch, mode:BACK
2026-06-27 16:13:06, MOVE, v:1, k:ed@distancia, mode:PICK
2026-06-27 16:13:12, EXEC, v:1, k:ed@distancia, mode:FULL, fail:COMP
2026-06-27 16:15:49, EXEC, v:1, k:ed@distancia, mode:FULL, rate:28, size:110
2026-06-27 16:12:59, MOVE, v:1, k:ed@wordsearch, mode:EDIT
2026-06-27 16:12:59, MOVE, v:1, k:ed@wordsearch, mode:EDIT
2026-06-27 16:12:59, MOVE, v:1, k:ed@wordsearch, mode:EDIT
2026-06-27 16:13:01, MOVE, v:1, k:ed@wordsearch, mode:EDIT
2026-06-27 16:13:06, MOVE, v:1, k:ed@distancia, mode:EDIT
2026-06-27 16:17:01, MOVE, v:1, k:ed@distancia, mode:EDIT
2026-06-27 16:15:48, MOVE, v:1, k:ed@distancia, mode:EDIT
2026-06-27 16:22:42, MOVE, v:1, k:ed@distancia, mode:EDIT
2026-06-27 16:27:35, MOVE, v:1, k:ed@distancia, mode:EDIT
2026-06-27 16:32:29, MOVE, v:1, k:ed@distancia, mode:EDIT
2026-06-27 16:35:55, MOVE, v:1, k:ed@distancia, mode:EDIT
2026-06-27 16:42:34, MOVE, v:1, k:ed@distancia, mode:EDIT
2026-06-27 16:49:00, MOVE, v:1, k:ed@distancia, mode:PICK
2026-06-27 16:48:58, MOVE, v:1, k:ed@distancia, mode:EDIT
2026-06-27 16:49:11, EXEC, v:1, k:ed@distancia, mode:FULL, rate:0, size:121
2026-06-27 16:50:42, EXEC, v:1, k:ed@distancia, mode:FULL, rate:0, size:121
2026-06-27 16:51:21, EXEC, v:1, k:ed@distancia, mode:FULL, rate:0, size:121
2026-06-27 16:51:20, MOVE, v:1, k:ed@distancia, mode:EDIT
2026-06-27 16:54:04, MOVE, v:1, k:ed@distancia, mode:EDIT
2026-06-27 16:54:33, MOVE, v:1, k:ed@distancia, mode:EDIT
2026-06-27 17:00:32, EXEC, v:1, k:ed@distancia, mode:FULL, rate:0, size:127
2026-06-27 17:04:04, MOVE, v:1, k:ed@distancia, mode:EDIT
2026-06-27 17:00:31, MOVE, v:1, k:ed@distancia, mode:EDIT
2026-06-27 17:07:09, EXEC, v:1, k:ed@distancia, mode:FULL, rate:0, size:124
2026-06-27 17:07:17, MOVE, v:1, k:ed@distancia, mode:EDIT
2026-06-27 17:07:09, MOVE, v:1, k:ed@distancia, mode:EDIT
2026-06-27 17:14:01, MOVE, v:1, k:ed@distancia, mode:EDIT
2026-06-27 17:19:03, MOVE, v:1, k:ed@distancia, mode:EDIT
2026-06-27 17:23:50, MOVE, v:1, k:ed@distancia, mode:EDIT
2026-06-27 17:26:50, EXEC, v:1, k:ed@distancia, mode:FULL, rate:0, size:141
2026-06-27 17:28:34, MOVE, v:1, k:ed@distancia, mode:EDIT
2026-06-27 17:26:48, MOVE, v:1, k:ed@distancia, mode:EDIT
2026-06-27 17:26:49, MOVE, v:1, k:ed@distancia, mode:EDIT
2026-06-27 17:29:56, EXEC, v:1, k:ed@distancia, mode:FULL, rate:0, size:139
2026-06-27 17:30:22, EXEC, v:1, k:ed@distancia, mode:FULL, rate:0, size:139
2026-06-27 17:34:04, MOVE, v:1, k:ed@distancia, mode:EDIT
2026-06-27 17:30:21, MOVE, v:1, k:ed@distancia, mode:EDIT
2026-06-27 17:38:45, MOVE, v:1, k:ed@distancia, mode:EDIT
2026-06-27 17:40:05, EXEC, v:1, k:ed@distancia, mode:FULL, rate:0, size:142
2026-06-27 17:44:06, MOVE, v:1, k:ed@distancia, mode:EDIT
2026-06-27 17:40:01, MOVE, v:1, k:ed@distancia, mode:EDIT
2026-06-27 17:44:25, EXEC, v:1, k:ed@distancia, mode:FULL, rate:0, size:122
2026-06-27 17:47:50, MOVE, v:1, k:ed@distancia, mode:EDIT
2026-06-27 17:44:24, MOVE, v:1, k:ed@distancia, mode:EDIT
2026-06-27 17:49:34, EXEC, v:1, k:ed@distancia, mode:FULL, rate:0, size:119
2026-06-27 17:50:15, EXEC, v:1, k:ed@distancia, mode:FULL, rate:100, size:119
2026-06-27 17:51:53, EXEC, v:1, k:ed@distancia, mode:FULL, rate:100, size:119
2026-06-27 17:51:54, MOVE, v:1, k:ed@distancia, mode:BACK
2026-06-27 17:53:27, SELF, v:1, k:ed@distancia, self:1, rate:100, concept:1, debug:1
2026-06-27 17:53:43, MOVE, v:1, k:ed@permutacoes, mode:DOWN
2026-06-27 17:53:48, MOVE, v:1, k:ed@permutacoes, mode:PICK
2026-06-27 17:54:00, EXEC, v:1, k:ed@permutacoes, mode:FULL, rate:0, size:5
2026-06-27 17:53:43, MOVE, v:1, k:ed@permutacoes, mode:EDIT
2026-06-27 17:54:09, MOVE, v:1, k:ed@permutacoes, mode:EDIT
2026-06-27 17:53:59, MOVE, v:1, k:ed@permutacoes, mode:EDIT
2026-06-27 18:31:50, MOVE, v:1, k:ed@permutacoes, mode:EDIT
2026-06-27 18:41:36, MOVE, v:1, k:ed@n_rainhas, mode:DOWN
2026-06-27 18:41:37, MOVE, v:1, k:ed@n_rainhas, mode:PICK
2026-06-27 18:41:56, EXEC, v:1, k:ed@n_rainhas, mode:FULL, rate:0, size:7
2026-06-27 18:44:57, EXEC, v:1, k:ed@n_rainhas, mode:FULL, rate:0, size:10
2026-06-27 18:41:36, MOVE, v:1, k:ed@n_rainhas, mode:EDIT
2026-06-27 18:44:55, MOVE, v:1, k:ed@n_rainhas, mode:EDIT
2026-06-27 18:44:56, MOVE, v:1, k:ed@n_rainhas, mode:EDIT
2026-06-27 18:47:48, MOVE, v:1, k:ed@n_rainhas, mode:EDIT
2026-06-27 18:52:53, MOVE, v:1, k:ed@n_rainhas, mode:EDIT
2026-06-27 18:59:34, MOVE, v:1, k:ed@n_rainhas, mode:EDIT
2026-06-27 19:03:14, MOVE, v:1, k:ed@n_rainhas, mode:EDIT
2026-06-27 19:14:51, MOVE, v:1, k:ed@n_rainhas, mode:EDIT
2026-06-27 19:19:26, MOVE, v:1, k:ed@n_rainhas, mode:EDIT
2026-06-27 19:22:09, MOVE, v:1, k:ed@n_rainhas, mode:EDIT
2026-06-27 19:30:25, MOVE, v:1, k:ed@n_rainhas, mode:BACK
2026-06-27 19:30:44, MOVE, v:1, k:ed@fractais_png, mode:PICK
2026-06-27 19:31:11, EXEC, v:1, k:ed@fractais_png, mode:LOCK, rate:0, size:173
2026-06-27 19:31:24, MOVE, v:1, k:ed@fractais_png, mode:BACK
2026-06-27 19:31:26, MOVE, v:1, k:ed@fractais_png, mode:PICK
2026-06-27 19:31:32, EXEC, v:1, k:ed@fractais_png, mode:LOCK, rate:0
2026-06-27 19:32:36, MOVE, v:1, k:ed@fractais_png, mode:BACK
2026-06-27 19:32:38, MOVE, v:1, k:ed@fractais_png, mode:PICK
2026-06-27 19:32:49, EXEC, v:1, k:ed@fractais_png, mode:LOCK, rate:0
2026-06-27 19:32:52, MOVE, v:1, k:ed@fractais_png, mode:BACK
2026-06-27 19:33:30, MOVE, v:1, k:ed@escada, mode:PICK
2026-06-27 19:33:32, EXEC, v:1, k:ed@escada, mode:FULL, rate:100
2026-06-27 19:33:33, MOVE, v:1, k:ed@escada, mode:BACK
2026-06-27 19:33:35, MOVE, v:1, k:ed@binomiais, mode:DOWN
2026-06-27 19:33:37, MOVE, v:1, k:ed@binomiais, mode:PICK
2026-06-27 19:33:46, MOVE, v:1, k:ed@binomiais, mode:BACK
2026-06-27 19:33:57, MOVE, v:1, k:ed@binomiais, mode:PICK
2026-06-27 19:33:58, EXEC, v:1, k:ed@binomiais, mode:FULL, rate:0, size:5
2026-06-27 19:33:57, MOVE, v:1, k:ed@binomiais, mode:EDIT
2026-06-27 19:34:05, MOVE, v:1, k:ed@binomiais, mode:EDIT
2026-06-27 19:58:53, MOVE, v:1, k:ed@binomiais, mode:EDIT
2026-06-27 20:00:42, EXEC, v:1, k:ed@binomiais, mode:FULL, rate:100, size:23
2026-06-27 20:00:43, MOVE, v:1, k:ed@binomiais, mode:BACK
2026-06-27 20:00:45, MOVE, v:1, k:ed@diagonal, mode:DOWN
2026-06-27 20:00:49, MOVE, v:1, k:ed@diagonal, mode:PICK
2026-06-27 20:00:57, MOVE, v:1, k:ed@diagonal, mode:BACK
2026-06-27 20:00:39, MOVE, v:1, k:ed@binomiais, mode:EDIT
2026-06-27 20:00:41, MOVE, v:1, k:ed@binomiais, mode:EDIT
2026-06-27 20:00:45, MOVE, v:1, k:ed@diagonal, mode:EDIT
2026-06-27 20:03:20, MOVE, v:1, k:ed@diagonal, mode:EDIT
2026-06-27 20:08:52, MOVE, v:1, k:ed@diagonal, mode:EDIT
2026-06-27 20:10:49, MOVE, v:1, k:ed@diagonal, mode:PICK
2026-06-27 20:10:52, EXEC, v:1, k:ed@diagonal, mode:FULL, size:25, fail:COMP
2026-06-27 20:11:03, EXEC, v:1, k:ed@diagonal, mode:FULL, rate:0, size:25
2026-06-27 20:12:56, MOVE, v:1, k:ed@diagonal, mode:EDIT
2026-06-27 20:11:03, MOVE, v:1, k:ed@diagonal, mode:EDIT
2026-06-27 20:17:13, EXEC, v:1, k:ed@diagonal, mode:FULL, rate:0, size:27
2026-06-27 20:17:12, MOVE, v:1, k:ed@diagonal, mode:EDIT
2026-06-27 20:17:13, MOVE, v:1, k:ed@diagonal, mode:EDIT
2026-06-27 20:20:51, EXEC, v:1, k:ed@diagonal, mode:FULL, rate:0, size:27
2026-06-27 20:21:08, EXEC, v:1, k:ed@diagonal, mode:FULL, rate:0, size:27
2026-06-27 20:21:46, EXEC, v:1, k:ed@diagonal, mode:FULL, rate:0, size:28
2026-06-27 20:23:17, EXEC, v:1, k:ed@diagonal, mode:FULL, rate:100, size:28
2026-06-27 20:23:27, MOVE, v:1, k:ed@diagonal, mode:BACK
2026-06-27 20:23:39, MOVE, v:1, k:ed@binomiais, mode:PICK
2026-06-27 20:23:41, EXEC, v:1, k:ed@binomiais, mode:FULL, rate:100
2026-06-27 20:23:41, MOVE, v:1, k:ed@binomiais, mode:BACK
2026-06-27 20:23:44, MOVE, v:1, k:ed@diagonal, mode:PICK
2026-06-27 20:23:45, EXEC, v:1, k:ed@diagonal, mode:FULL, rate:100
2026-06-27 20:23:46, MOVE, v:1, k:ed@diagonal, mode:BACK
2026-06-27 20:23:47, MOVE, v:1, k:ed@sufixos, mode:DOWN
2026-06-27 20:23:47, MOVE, v:1, k:ed@sufixos, mode:PICK
2026-06-27 20:23:15, MOVE, v:1, k:ed@diagonal, mode:EDIT
2026-06-27 20:23:45, MOVE, v:1, k:ed@diagonal, mode:EDIT
2026-06-27 20:23:40, MOVE, v:1, k:ed@binomiais, mode:EDIT
2026-06-27 20:23:47, MOVE, v:1, k:ed@sufixos, mode:EDIT
2026-06-27 20:23:55, MOVE, v:1, k:ed@sufixos, mode:EDIT
2026-06-27 20:33:57, MOVE, v:1, k:ed@sufixos, mode:EDIT
2026-06-27 20:38:33, EXEC, v:1, k:ed@sufixos, mode:FULL, rate:0, size:24
2026-06-27 20:38:31, MOVE, v:1, k:ed@sufixos, mode:EDIT
2026-06-27 20:38:32, MOVE, v:1, k:ed@sufixos, mode:EDIT
2026-06-27 20:39:04, EXEC, v:1, k:ed@sufixos, mode:FULL, rate:0, size:24
2026-06-27 20:42:47, MOVE, v:1, k:ed@sufixos, mode:EDIT
2026-06-27 20:39:04, MOVE, v:1, k:ed@sufixos, mode:EDIT
2026-06-27 20:45:20, EXEC, v:1, k:ed@sufixos, mode:FULL, rate:0, size:24
2026-06-27 20:47:55, EXEC, v:1, k:ed@sufixos, mode:FULL, rate:0, size:24
2026-06-27 20:48:58, MOVE, v:1, k:ed@sufixos, mode:EDIT
2026-06-27 20:47:55, MOVE, v:1, k:ed@sufixos, mode:EDIT
2026-06-27 20:49:02, EXEC, v:1, k:ed@sufixos, mode:FULL, rate:0, size:24
2026-06-27 20:49:22, EXEC, v:1, k:ed@sufixos, mode:FULL, rate:0, size:24
2026-06-27 20:49:21, MOVE, v:1, k:ed@sufixos, mode:EDIT
2026-06-27 20:52:34, MOVE, v:1, k:ed@sufixos, mode:EDIT
2026-06-27 20:55:55, EXEC, v:1, k:ed@sufixos, mode:FULL, rate:0, size:25
2026-06-27 20:58:08, EXEC, v:1, k:ed@sufixos, mode:FULL, size:27, fail:COMP
2026-06-27 20:58:20, EXEC, v:1, k:ed@sufixos, mode:FULL, rate:0, size:27
2026-06-27 20:58:52, EXEC, v:1, k:ed@sufixos, mode:FULL, rate:0, size:27
2026-06-27 20:58:57, EXEC, v:1, k:ed@sufixos, mode:FULL, rate:0, size:27
2026-06-27 20:58:55, MOVE, v:1, k:ed@sufixos, mode:EDIT
2026-06-27 20:58:56, MOVE, v:1, k:ed@sufixos, mode:EDIT
2026-06-27 21:01:18, EXEC, v:1, k:ed@sufixos, mode:FULL, rate:0, size:27
2026-06-27 21:02:13, MOVE, v:1, k:ed@sufixos, mode:EDIT
2026-06-27 21:01:17, MOVE, v:1, k:ed@sufixos, mode:EDIT
2026-06-27 21:04:13, EXEC, v:1, k:ed@sufixos, mode:FULL, rate:0, size:27
2026-06-27 21:06:22, EXEC, v:1, k:ed@sufixos, mode:FULL, rate:0, size:29
2026-06-27 21:06:43, MOVE, v:1, k:ed@sufixos, mode:EDIT
2026-06-27 21:06:21, MOVE, v:1, k:ed@sufixos, mode:EDIT
2026-06-27 21:16:31, EXEC, v:1, k:ed@sufixos, mode:FULL, rate:0, size:27
2026-06-27 21:17:03, EXEC, v:1, k:ed@sufixos, mode:FULL, rate:100, size:27
2026-06-27 21:17:01, MOVE, v:1, k:ed@sufixos, mode:EDIT
2026-06-27 21:17:02, MOVE, v:1, k:ed@sufixos, mode:EDIT
2026-06-27 21:19:37, MOVE, v:1, k:ed@sufixos, mode:BACK
2026-06-27 21:21:24, MOVE, v:1, k:ed@diagonal, mode:PICK
2026-06-27 21:21:25, EXEC, v:1, k:ed@diagonal, mode:FULL, rate:100
2026-06-27 21:21:25, MOVE, v:1, k:ed@diagonal, mode:BACK
2026-06-27 21:21:27, MOVE, v:1, k:ed@sufixos, mode:PICK
2026-06-27 21:21:28, EXEC, v:1, k:ed@sufixos, mode:FULL, rate:100
2026-06-27 21:21:29, MOVE, v:1, k:ed@sufixos, mode:BACK
