2026-05-25 14:13:43, MOVE, v:1, k:ed@triangulo, mode:PICK
2026-05-25 14:13:46, EXEC, v:1, k:ed@triangulo, mode:FULL, rate:0, size:49
2026-05-25 14:16:25, MOVE, v:1, k:ed@triangulo, mode:BACK
2026-05-25 14:13:43, MOVE, v:1, k:ed@triangulo, mode:EDIT
2026-05-25 14:13:46, MOVE, v:1, k:ed@triangulo, mode:EDIT
2026-05-25 14:19:48, MOVE, v:1, k:ed@triangulo, mode:EDIT
2026-05-25 14:23:36, MOVE, v:1, k:ed@triangulo, mode:EDIT
2026-05-25 14:28:36, MOVE, v:1, k:ed@triangulo, mode:EDIT
2026-05-25 14:29:03, MOVE, v:1, k:ed@triangulo, mode:PICK
2026-05-25 14:30:31, MOVE, v:1, k:ed@triangulo, mode:PICK
2026-05-25 14:32:15, MOVE, v:1, k:ed@triangulo, mode:PICK
2026-05-25 14:32:21, EXEC, v:1, k:ed@triangulo, mode:FULL, rate:0, size:63
2026-05-25 14:32:20, MOVE, v:1, k:ed@triangulo, mode:EDIT
2026-05-25 14:37:02, MOVE, v:1, k:ed@triangulo, mode:EDIT
2026-05-25 14:41:48, EXEC, v:1, k:ed@triangulo, mode:FULL, rate:0, size:65
2026-05-25 14:41:45, MOVE, v:1, k:ed@triangulo, mode:EDIT
2026-05-25 14:41:47, MOVE, v:1, k:ed@triangulo, mode:EDIT
2026-05-25 14:43:24, EXEC, v:1, k:ed@triangulo, mode:FULL, rate:75, size:62
2026-05-25 14:43:33, MOVE, v:1, k:ed@triangulo, mode:BACK
2026-05-25 14:43:35, MOVE, v:1, k:ed@triangulo, mode:PICK
2026-05-25 14:43:37, EXEC, v:1, k:ed@triangulo, mode:FULL, rate:75
2026-05-25 14:45:50, MOVE, v:1, k:ed@triangulo, mode:BACK
2026-05-25 14:45:53, MOVE, v:1, k:ed@triangulo, mode:PICK
2026-05-25 14:45:56, EXEC, v:1, k:ed@triangulo, mode:FULL, rate:75
2026-05-25 14:46:21, EXEC, v:1, k:ed@triangulo, mode:FULL, rate:0, size:62
2026-05-25 14:46:33, EXEC, v:1, k:ed@triangulo, mode:FULL, rate:75, size:62
2026-05-25 14:46:30, MOVE, v:1, k:ed@triangulo, mode:EDIT
2026-05-25 14:46:33, MOVE, v:1, k:ed@triangulo, mode:EDIT
2026-05-25 14:47:20, MOVE, v:1, k:ed@triangulo, mode:BACK
2026-05-25 14:47:26, SELF, v:1, k:ed@triangulo, self:1, rate:75
2026-05-25 14:48:51, MOVE, v:1, k:ed@fractais_png, mode:PICK
2026-05-25 14:48:57, EXEC, v:1, k:ed@fractais_png, mode:LOCK, rate:0
2026-05-25 14:48:58, MOVE, v:1, k:ed@fractais_png, mode:BACK
2026-05-25 14:51:44, MOVE, v:1, k:ed@wordsearch, mode:PICK
2026-05-25 14:51:46, EXEC, v:1, k:ed@wordsearch, mode:FULL, size:104, fail:COMP
2026-05-25 14:51:51, EXEC, v:1, k:ed@wordsearch, mode:FULL, fail:COMP
2026-05-25 14:48:51, MOVE, v:1, k:ed@fractais_png, mode:EDIT
2026-05-25 14:48:52, MOVE, v:1, k:ed@fractais_png, mode:EDIT
2026-05-25 14:48:52, MOVE, v:1, k:ed@fractais_png, mode:EDIT
2026-05-25 14:48:52, MOVE, v:1, k:ed@fractais_png, mode:EDIT
2026-05-25 14:48:52, MOVE, v:1, k:ed@fractais_png, mode:EDIT
2026-05-25 14:48:56, MOVE, v:1, k:ed@fractais_png, mode:EDIT
2026-05-25 14:48:57, MOVE, v:1, k:ed@fractais_png, mode:EDIT
2026-05-25 15:03:38, MOVE, v:1, k:ed@wordsearch, mode:EDIT
2026-05-25 15:08:13, MOVE, v:1, k:ed@wordsearch, mode:EDIT
2026-05-25 15:09:37, MOVE, v:1, k:ed@wordsearch, mode:EDIT
2026-05-25 15:56:01, MOVE, v:1, k:ed@fractais_png, mode:EDIT
2026-05-25 16:00:40, MOVE, v:1, k:ed@wordsearch, mode:EDIT
2026-05-25 15:59:59, MOVE, v:1, k:ed@wordsearch, mode:EDIT
2026-05-25 16:05:11, MOVE, v:1, k:ed@wordsearch, mode:EDIT
2026-05-25 16:10:16, MOVE, v:1, k:ed@wordsearch, mode:EDIT
2026-05-25 16:15:35, MOVE, v:1, k:ed@wordsearch, mode:EDIT
2026-05-25 16:20:00, MOVE, v:1, k:ed@wordsearch, mode:EDIT
2026-05-25 16:25:41, MOVE, v:1, k:ed@wordsearch, mode:EDIT
2026-05-25 16:25:59, MOVE, v:1, k:ed@wordsearch, mode:EDIT
2026-05-25 16:45:23, EXEC, v:1, k:ed@wordsearch, mode:FULL, rate:25, size:116
2026-05-25 16:45:33, EXEC, v:1, k:ed@wordsearch, mode:FULL, rate:75, size:116
2026-05-25 16:45:31, MOVE, v:1, k:ed@wordsearch, mode:EDIT
2026-05-25 16:45:22, MOVE, v:1, k:ed@wordsearch, mode:EDIT
2026-05-25 16:45:22, MOVE, v:1, k:ed@wordsearch, mode:EDIT
2026-05-25 16:45:32, MOVE, v:1, k:ed@wordsearch, mode:EDIT
2026-05-25 16:47:44, EXEC, v:1, k:ed@wordsearch, mode:FULL, rate:75, size:116
2026-05-25 16:48:11, EXEC, v:1, k:ed@wordsearch, mode:FULL, rate:75, size:116
2026-05-25 16:48:12, EXEC, v:1, k:ed@wordsearch, mode:FULL, rate:75
2026-05-25 16:48:24, EXEC, v:1, k:ed@wordsearch, mode:FULL, rate:75, size:116
2026-05-25 16:49:20, EXEC, v:1, k:ed@wordsearch, mode:FULL, rate:75, size:116
2026-05-25 16:50:25, EXEC, v:1, k:ed@wordsearch, mode:FULL, rate:75, size:116
2026-05-25 16:50:33, MOVE, v:1, k:ed@wordsearch, mode:EDIT
2026-05-25 16:50:24, MOVE, v:1, k:ed@wordsearch, mode:EDIT
2026-05-25 16:51:00, EXEC, v:1, k:ed@wordsearch, mode:FULL, rate:75, size:116
2026-05-25 16:51:13, EXEC, v:1, k:ed@wordsearch, mode:FULL, rate:100, size:116
2026-05-25 16:51:14, MOVE, v:1, k:ed@wordsearch, mode:BACK
2026-05-25 16:51:35, SELF, v:1, k:ed@wordsearch, self:1, rate:100, study:60, concept:1
2026-05-25 22:10:43, MOVE, v:1, k:ed@wordsearch, mode:PICK
2026-05-25 22:12:09, SELF, v:1, k:ed@fractais_png, self:1, rate:80, study:90, friend:au, guided:1, concept:1, problem:1, code:1, debug:1
2026-05-25 22:12:18, MOVE, v:1, k:ed@fractais_png, mode:PICK
2026-05-25 22:13:04, MOVE, v:1, k:ed@iterador, mode:PICK
2026-05-25 22:13:57, SELF, v:1, k:ed@iterador, self:1, rate:100, problem:1
2026-05-25 22:14:20, MOVE, v:1, k:eval1@triangulo, mode:PICK
2026-05-25 22:18:05, MOVE, v:1, k:ed@wordsearch, mode:PICK
2026-05-25 22:25:46, MOVE, v:1, k:ed@wordsearch, mode:PICK
2026-05-25 22:25:58, MOVE, v:1, k:ed@wordsearch, mode:PICK
2026-05-25 22:26:00, EXEC, v:1, k:ed@wordsearch, mode:FREE
2026-05-25 22:26:55, MOVE, v:1, k:ed@wordsearch, mode:PICK
2026-05-25 22:27:03, MOVE, v:1, k:ed@wordsearch, mode:PICK
2026-05-25 22:27:05, EXEC, v:1, k:ed@wordsearch, mode:FREE
2026-05-25 22:27:51, MOVE, v:1, k:ed@wordsearch, mode:PICK
