2026-04-29 11:17:43, MOVE, v:1, k:ed@lista_d1, mode:PICK
2026-04-29 11:17:45, EXEC, v:1, k:ed@lista_d1, mode:FULL, rate:0, size:91
2026-04-29 11:19:12, EXEC, v:1, k:ed@lista_d1, mode:FULL, rate:14, size:95
2026-04-29 11:19:12, MOVE, v:1, k:ed@lista_d1, mode:EDIT
2026-04-29 11:19:46, MOVE, v:1, k:ed@lista_d1, mode:EDIT
2026-04-29 11:34:38, MOVE, v:1, k:ed@lista_d1, mode:BACK
2026-04-29 22:11:34, MOVE, v:1, k:ed@lista_d1, mode:PICK
2026-04-29 22:11:36, EXEC, v:1, k:ed@lista_d1, mode:FULL, rate:14, size:146
2026-04-29 22:14:38, EXEC, v:1, k:ed@lista_d1, mode:FULL, rate:14, size:146
2026-04-29 22:15:01, EXEC, v:1, k:ed@lista_d1, mode:FULL, rate:14, size:146
2026-04-29 22:11:34, MOVE, v:1, k:ed@lista_d1, mode:EDIT
2026-04-29 22:11:34, MOVE, v:1, k:ed@lista_d1, mode:EDIT
2026-04-29 22:15:00, MOVE, v:1, k:ed@lista_d1, mode:EDIT
2026-04-29 22:16:31, MOVE, v:1, k:ed@lista_d1, mode:EDIT
2026-04-29 22:19:06, EXEC, v:1, k:ed@lista_d1, mode:FULL, rate:14, size:146
2026-04-29 22:21:07, EXEC, v:1, k:ed@lista_d1, mode:FULL, rate:71, size:153
2026-04-29 22:21:32, MOVE, v:1, k:ed@lista_d1, mode:EDIT
2026-04-29 22:21:06, MOVE, v:1, k:ed@lista_d1, mode:EDIT
2026-04-29 22:21:34, EXEC, v:1, k:ed@lista_d1, mode:FULL, rate:71, size:153
2026-04-29 22:22:26, EXEC, v:1, k:ed@lista_d1, mode:FULL, rate:71, size:153
2026-04-29 22:22:25, MOVE, v:1, k:ed@lista_d1, mode:EDIT
2026-04-29 22:25:55, MOVE, v:1, k:ed@lista_d1, mode:EDIT
2026-04-29 22:35:29, EXEC, v:1, k:ed@lista_d1, mode:FULL, rate:71, size:161
2026-04-29 22:35:48, MOVE, v:1, k:ed@lista_d1, mode:EDIT
2026-04-29 22:35:28, MOVE, v:1, k:ed@lista_d1, mode:EDIT
2026-04-29 22:41:31, MOVE, v:1, k:ed@lista_d1, mode:EDIT
2026-04-29 22:44:42, EXEC, v:1, k:ed@lista_d1, mode:FULL, rate:71, size:164
2026-04-29 22:45:02, EXEC, v:1, k:ed@lista_d1, mode:FULL, rate:71, size:165
2026-04-29 22:46:02, EXEC, v:1, k:ed@lista_d1, mode:FULL, rate:85, size:168
2026-04-29 22:46:12, EXEC, v:1, k:ed@lista_d1, mode:FULL, rate:85, size:168
2026-04-29 22:46:24, EXEC, v:1, k:ed@lista_d1, mode:FULL, rate:85, size:168
2026-04-29 22:46:22, MOVE, v:1, k:ed@lista_d1, mode:EDIT
2026-04-29 22:46:23, MOVE, v:1, k:ed@lista_d1, mode:EDIT
2026-04-29 22:48:40, EXEC, v:1, k:ed@lista_d1, mode:FULL, rate:85, size:172
2026-04-29 22:48:50, EXEC, v:1, k:ed@lista_d1, mode:FULL, rate:85, size:172
2026-04-29 22:49:02, EXEC, v:1, k:ed@lista_d1, mode:FULL, rate:85, size:176
2026-04-29 22:49:17, EXEC, v:1, k:ed@lista_d1, mode:FULL, rate:100, size:176
2026-04-29 22:49:20, MOVE, v:1, k:ed@lista_d1, mode:BACK
2026-04-29 22:49:53, MOVE, v:1, k:ed@lista_d1, mode:PICK
2026-04-29 22:49:54, EXEC, v:1, k:ed@lista_d1, mode:FULL, rate:100, size:173
2026-04-29 22:49:55, MOVE, v:1, k:ed@lista_d1, mode:BACK
2026-04-29 22:50:00, SELF, v:1, k:ed@lista_d1, self:1, rate:100, concept:1
