2026-04-15 11:03:37, MOVE, v:1, k:ed@vetbuild, mode:DOWN
2026-04-15 11:03:42, MOVE, v:1, k:ed@vetbuild, mode:PICK
2026-04-15 11:03:45, MOVE, v:1, k:ed@vetbuild, mode:EDIT
2026-04-15 11:03:37, MOVE, v:1, k:ed@vetbuild, mode:EDIT
2026-04-15 11:03:37, MOVE, v:1, k:ed@vetbuild, mode:EDIT
2026-04-15 11:03:46, MOVE, v:1, k:ed@vetbuild, mode:EDIT
2026-04-15 11:10:27, MOVE, v:1, k:ed@vetbuild, mode:EDIT
2026-04-15 11:17:09, MOVE, v:1, k:ed@vetbuild, mode:EDIT
2026-04-15 11:22:11, MOVE, v:1, k:ed@vetbuild, mode:EDIT
2026-04-15 11:23:24, MOVE, v:1, k:ed@vetbuild, mode:EDIT
2026-04-15 20:08:59, MOVE, v:1, k:ed@vetbuild, mode:PICK
2026-04-15 20:10:31, EXEC, v:1, k:ed@vetbuild, mode:FULL, rate:0, size:139
2026-04-15 20:08:59, MOVE, v:1, k:ed@vetbuild, mode:EDIT
2026-04-15 20:08:59, MOVE, v:1, k:ed@vetbuild, mode:EDIT
2026-04-15 20:12:05, MOVE, v:1, k:ed@vetbuild, mode:EDIT
2026-04-15 20:09:16, MOVE, v:1, k:ed@vetbuild, mode:EDIT
2026-04-15 20:10:29, MOVE, v:1, k:ed@vetbuild, mode:EDIT
2026-04-15 20:18:35, MOVE, v:1, k:ed@vetbuild, mode:EDIT
2026-04-15 20:21:35, EXEC, v:1, k:ed@vetbuild, mode:FULL, rate:18, size:139
2026-04-15 20:21:30, MOVE, v:1, k:ed@vetbuild, mode:EDIT
2026-04-15 20:21:34, MOVE, v:1, k:ed@vetbuild, mode:EDIT
2026-04-15 20:30:52, EXEC, v:1, k:ed@vetbuild, mode:FULL, rate:18
2026-04-15 20:30:48, MOVE, v:1, k:ed@vetbuild, mode:EDIT
2026-04-15 20:30:51, MOVE, v:1, k:ed@vetbuild, mode:EDIT
2026-04-15 20:36:08, EXEC, v:1, k:ed@vetbuild, mode:FULL, rate:0, size:139
2026-04-15 20:36:18, EXEC, v:1, k:ed@vetbuild, mode:FULL, rate:0
2026-04-15 20:36:26, EXEC, v:1, k:ed@vetbuild, mode:FULL, rate:18, size:139
2026-04-15 20:38:15, MOVE, v:1, k:ed@vetbuild, mode:EDIT
2026-04-15 20:36:25, MOVE, v:1, k:ed@vetbuild, mode:EDIT
2026-04-15 20:41:25, MOVE, v:1, k:ed@vetbuild, mode:EDIT
2026-04-15 20:45:59, MOVE, v:1, k:ed@vetbuild, mode:EDIT
2026-04-15 20:58:35, MOVE, v:1, k:ed@vetbuild, mode:EDIT
2026-04-15 21:02:53, MOVE, v:1, k:ed@vetbuild, mode:EDIT
2026-04-15 21:04:28, MOVE, v:1, k:ed@vetbuild, mode:EDIT
2026-04-15 21:13:22, MOVE, v:1, k:ed@vetbuild, mode:EDIT
2026-04-15 21:18:23, MOVE, v:1, k:ed@vetbuild, mode:EDIT
2026-04-15 21:23:08, MOVE, v:1, k:ed@vetbuild, mode:EDIT
2026-04-15 21:23:51, EXEC, v:1, k:ed@vetbuild, mode:FULL, rate:9, size:157
2026-04-15 21:27:47, EXEC, v:1, k:ed@vetbuild, mode:FULL, rate:9, size:157
2026-04-15 21:28:32, MOVE, v:1, k:ed@vetbuild, mode:EDIT
2026-04-15 21:23:49, MOVE, v:1, k:ed@vetbuild, mode:EDIT
2026-04-15 21:23:49, MOVE, v:1, k:ed@vetbuild, mode:EDIT
2026-04-15 21:27:46, MOVE, v:1, k:ed@vetbuild, mode:EDIT
2026-04-15 21:33:02, MOVE, v:1, k:ed@vetbuild, mode:EDIT
2026-04-15 21:34:39, EXEC, v:1, k:ed@vetbuild, mode:FULL, rate:9, size:159
2026-04-15 21:37:15, EXEC, v:1, k:ed@vetbuild, mode:FULL, rate:9, size:160
2026-04-15 21:37:14, MOVE, v:1, k:ed@vetbuild, mode:EDIT
2026-04-15 21:34:55, MOVE, v:1, k:ed@vetbuild, mode:EDIT
2026-04-15 21:40:09, MOVE, v:1, k:ed@vetbuild, mode:BACK
2026-04-15 21:44:50, MOVE, v:1, k:ed@vetbuild, mode:PICK
2026-04-15 21:44:53, EXEC, v:1, k:ed@vetbuild, mode:FULL, rate:9
2026-04-15 21:44:56, EXEC, v:1, k:ed@vetbuild, mode:FULL, rate:9
2026-04-15 21:46:01, EXEC, v:1, k:ed@vetbuild, mode:FULL, rate:9, size:160
2026-04-15 21:46:11, EXEC, v:1, k:ed@vetbuild, mode:FULL, rate:9, size:160
2026-04-15 21:46:10, MOVE, v:1, k:ed@vetbuild, mode:EDIT
2026-04-15 21:46:10, MOVE, v:1, k:ed@vetbuild, mode:EDIT
2026-04-15 21:57:06, EXEC, v:1, k:ed@vetbuild, mode:FULL, rate:18, size:160
2026-04-15 21:58:47, EXEC, v:1, k:ed@vetbuild, mode:FULL, rate:18, size:159
2026-04-15 21:59:46, MOVE, v:1, k:ed@vetbuild, mode:EDIT
2026-04-15 21:58:46, MOVE, v:1, k:ed@vetbuild, mode:EDIT
2026-04-15 22:01:16, MOVE, v:1, k:ed@vetbuild, mode:EDIT
2026-04-15 22:49:24, MOVE, v:1, k:ed@vetbuild, mode:EDIT
2026-04-15 22:53:22, MOVE, v:1, k:ed@vetbuild, mode:EDIT
2026-04-15 23:00:10, MOVE, v:1, k:ed@vetbuild, mode:EDIT
2026-04-15 23:00:17, EXEC, v:1, k:ed@vetbuild, mode:FULL, size:172, fail:COMP
2026-04-15 23:00:22, MOVE, v:1, k:ed@vetbuild, mode:BACK
2026-04-15 23:00:24, MOVE, v:1, k:ed@vetbuild, mode:PICK
2026-04-15 23:00:25, EXEC, v:1, k:ed@vetbuild, mode:FULL, fail:COMP
2026-04-15 23:01:21, MOVE, v:1, k:ed@vetbuild, mode:BACK
2026-04-15 23:01:23, MOVE, v:1, k:ed@vetbuild, mode:PICK
2026-04-15 23:01:53, EXEC, v:1, k:ed@vetbuild, mode:FULL, fail:COMP
2026-04-15 23:01:53, MOVE, v:1, k:ed@vetbuild, mode:BACK
2026-04-15 23:04:26, MOVE, v:1, k:ed@vetbuild, mode:PICK
2026-04-15 23:04:28, EXEC, v:1, k:ed@vetbuild, mode:FULL, rate:18, size:172
2026-04-15 23:05:26, MOVE, v:1, k:ed@vetbuild, mode:PICK
2026-04-15 23:05:28, EXEC, v:1, k:ed@vetbuild, mode:FULL, rate:27, size:172
2026-04-15 23:05:27, MOVE, v:1, k:ed@vetbuild, mode:EDIT
2026-04-15 23:09:43, MOVE, v:1, k:ed@vetbuild, mode:EDIT
2026-04-15 23:13:02, MOVE, v:1, k:ed@vetbuild, mode:EDIT
2026-04-15 23:18:04, MOVE, v:1, k:ed@vetbuild, mode:BACK
