2026-05-24 15:29:45, MOVE, v:1, k:ed@labirinto, mode:PICK
2026-05-24 15:29:22, MOVE, v:1, k:ed@wordsearch, mode:EDIT
2026-05-24 15:29:45, MOVE, v:1, k:ed@labirinto, mode:EDIT
2026-05-24 15:29:45, MOVE, v:1, k:ed@labirinto, mode:EDIT
2026-05-24 15:36:49, MOVE, v:1, k:ed@labirinto, mode:EDIT
2026-05-24 15:43:02, MOVE, v:1, k:ed@labirinto, mode:EDIT
2026-05-24 15:45:58, MOVE, v:1, k:ed@fractais_png, mode:EDIT
2026-05-24 15:45:58, MOVE, v:1, k:ed@queimada, mode:EDIT
2026-05-24 15:48:54, MOVE, v:1, k:ed@labirinto, mode:EDIT
2026-05-24 15:53:51, MOVE, v:1, k:ed@labirinto, mode:BACK
2026-05-24 15:53:53, MOVE, v:1, k:ed@labirinto, mode:PICK
2026-05-24 15:49:00, MOVE, v:1, k:ed@labirinto, mode:EDIT
2026-05-24 15:52:05, MOVE, v:1, k:ed@labirinto, mode:EDIT
2026-05-24 15:58:45, MOVE, v:1, k:ed@labirinto, mode:EDIT
2026-05-24 16:03:06, MOVE, v:1, k:ed@labirinto, mode:EDIT
2026-05-24 16:08:41, MOVE, v:1, k:ed@labirinto, mode:EDIT
2026-05-24 16:06:06, MOVE, v:1, k:ed@labirinto, mode:EDIT
2026-05-24 16:13:53, MOVE, v:1, k:ed@labirinto, mode:EDIT
2026-05-24 16:16:59, MOVE, v:1, k:ed@labirinto, mode:EDIT
2026-05-24 16:22:32, MOVE, v:1, k:ed@labirinto, mode:BACK
2026-05-24 16:22:33, MOVE, v:1, k:ed@labirinto, mode:PICK
2026-05-24 16:22:37, EXEC, v:1, k:ed@labirinto, mode:FULL, rate:0, size:105
2026-05-24 16:23:02, MOVE, v:1, k:ed@labirinto, mode:BACK
2026-05-24 16:23:09, MOVE, v:1, k:ed@labirinto, mode:PICK
2026-05-24 16:23:11, EXEC, v:1, k:ed@labirinto, mode:FULL, rate:0
2026-05-24 16:24:14, MOVE, v:1, k:ed@labirinto, mode:BACK
2026-05-24 16:24:15, MOVE, v:1, k:ed@labirinto, mode:PICK
2026-05-24 16:24:16, EXEC, v:1, k:ed@labirinto, mode:FULL, rate:0, size:106
2026-05-24 16:24:23, MOVE, v:1, k:ed@labirinto, mode:BACK
2026-05-24 16:24:51, MOVE, v:1, k:ed@labirinto, mode:PICK
2026-05-24 16:24:52, EXEC, v:1, k:ed@labirinto, mode:FULL, rate:0
2026-05-24 16:26:48, EXEC, v:1, k:ed@labirinto, mode:FULL, rate:0, size:107
2026-05-24 16:26:48, MOVE, v:1, k:ed@labirinto, mode:EDIT
2026-05-24 16:27:52, MOVE, v:1, k:ed@labirinto, mode:EDIT
2026-05-24 16:28:27, EXEC, v:1, k:ed@labirinto, mode:FULL, rate:0, size:106
2026-05-24 16:28:41, EXEC, v:1, k:ed@labirinto, mode:FULL, rate:0, size:110
2026-05-24 16:30:27, EXEC, v:1, k:ed@labirinto, mode:FULL, size:106, fail:COMP
2026-05-24 16:30:28, MOVE, v:1, k:ed@labirinto, mode:BACK
2026-05-24 16:30:34, MOVE, v:1, k:ed@labirinto, mode:PICK
2026-05-24 16:30:35, EXEC, v:1, k:ed@labirinto, mode:FULL, rate:0, size:106
2026-05-24 16:32:38, EXEC, v:1, k:ed@labirinto, mode:FULL, rate:0, size:103
2026-05-24 16:33:02, EXEC, v:1, k:ed@labirinto, mode:FULL, rate:0, size:104
2026-05-24 16:33:00, MOVE, v:1, k:ed@labirinto, mode:EDIT
2026-05-24 16:33:01, MOVE, v:1, k:ed@labirinto, mode:EDIT
2026-05-24 16:30:27, MOVE, v:1, k:ed@labirinto, mode:EDIT
2026-05-24 16:33:28, EXEC, v:1, k:ed@labirinto, mode:FULL, rate:0, size:104
2026-05-24 16:35:41, EXEC, v:1, k:ed@labirinto, mode:FULL, rate:0, size:100
2026-05-24 16:36:13, EXEC, v:1, k:ed@labirinto, mode:FULL, rate:0, size:99
2026-05-24 16:37:29, EXEC, v:1, k:ed@labirinto, mode:FULL, rate:0, size:99
2026-05-24 16:37:59, EXEC, v:1, k:ed@labirinto, mode:FULL, rate:0, size:101
2026-05-24 16:37:57, MOVE, v:1, k:ed@labirinto, mode:EDIT
2026-05-24 16:37:58, MOVE, v:1, k:ed@labirinto, mode:EDIT
2026-05-24 16:38:42, EXEC, v:1, k:ed@labirinto, mode:FULL, rate:100, size:101
2026-05-24 16:39:41, MOVE, v:1, k:ed@labirinto, mode:BACK
2026-05-24 16:41:41, SELF, v:1, k:ed@labirinto, self:1, rate:100, study:60, concept:1
2026-05-24 16:41:55, MOVE, v:1, k:ed@triangulo, mode:PICK
2026-05-24 16:41:57, EXEC, v:1, k:ed@triangulo, mode:FULL, rate:0
2026-05-24 16:42:01, MOVE, v:1, k:ed@triangulo, mode:BACK
2026-05-24 16:42:14, MOVE, v:1, k:ed@fractais_png, mode:PICK
2026-05-24 16:42:21, EXEC, v:1, k:ed@fractais_png, mode:LOCK, rate:0
2026-05-24 16:42:21, MOVE, v:1, k:ed@fractais_png, mode:BACK
2026-05-24 16:42:37, MOVE, v:1, k:ed@fractais_png, mode:PICK
2026-05-24 16:42:40, EXEC, v:1, k:ed@fractais_png, mode:LOCK, rate:0
2026-05-24 16:42:42, MOVE, v:1, k:ed@fractais_png, mode:BACK
2026-05-24 16:42:48, SELF, v:1, k:ed@fractais_png, self:1, friend:au, guided:1, concept:1, problem:1, code:1, debug:1
2026-05-24 16:42:57, MOVE, v:1, k:ed@triangulo, mode:PICK
2026-05-24 16:43:25, MOVE, v:1, k:ed@triangulo, mode:BACK
2026-05-24 16:44:00, MOVE, v:1, k:eval1@queimada, mode:PICK
2026-05-24 16:44:03, EXEC, v:1, k:eval1@queimada, mode:FULL, rate:14
2026-05-24 16:44:06, MOVE, v:1, k:eval1@queimada, mode:BACK
2026-05-24 16:44:14, MOVE, v:1, k:ed@queimada, mode:PICK
2026-05-24 16:44:34, MOVE, v:1, k:ed@queimada, mode:BACK
2026-05-24 16:44:38, MOVE, v:1, k:ed@queimada, mode:PICK
2026-05-24 16:44:39, EXEC, v:1, k:ed@queimada, mode:FULL, size:81, fail:COMP
2026-05-24 16:44:41, MOVE, v:1, k:ed@queimada, mode:BACK
2026-05-24 16:45:11, MOVE, v:1, k:ed@queimada, mode:PICK
2026-05-24 16:45:12, EXEC, v:1, k:ed@queimada, mode:FULL, rate:100, size:57
2026-05-24 16:45:13, MOVE, v:1, k:ed@queimada, mode:BACK
2026-05-24 16:45:23, MOVE, v:1, k:eval1@queimada, mode:PICK
2026-05-24 16:45:32, EXEC, v:1, k:eval1@queimada, mode:FULL, rate:100, size:57
2026-05-24 16:45:33, MOVE, v:1, k:eval1@queimada, mode:BACK
2026-05-24 16:45:40, SELF, v:1, k:eval1@queimada, self:1, rate:100
2026-05-24 16:46:10, MOVE, v:1, k:ed@queimada, mode:PICK
2026-05-24 16:46:28, EXEC, v:1, k:ed@queimada, mode:FULL, rate:100
2026-05-24 16:46:28, MOVE, v:1, k:ed@queimada, mode:BACK
2026-05-24 16:46:32, MOVE, v:1, k:ed@triangulo, mode:PICK
2026-05-24 16:46:27, MOVE, v:1, k:ed@queimada, mode:EDIT
2026-05-24 16:45:27, MOVE, v:1, k:eval1@queimada, mode:EDIT
2026-05-24 16:45:30, MOVE, v:1, k:eval1@queimada, mode:EDIT
2026-05-24 16:45:31, MOVE, v:1, k:eval1@queimada, mode:EDIT
2026-05-24 16:46:38, MOVE, v:1, k:ed@triangulo, mode:EDIT
