2026-04-26 00:00:18, MOVE, v:1, k:ed@setbuild, mode:EDIT
2026-04-26 00:05:47, EXEC, v:1, k:ed@setbuild, mode:FULL, rate:66, size:254
2026-04-26 00:04:38, MOVE, v:1, k:ed@setbuild, mode:EDIT
2026-04-26 00:05:44, MOVE, v:1, k:ed@setbuild, mode:EDIT
2026-04-26 00:05:46, MOVE, v:1, k:ed@setbuild, mode:EDIT
2026-04-26 00:07:52, EXEC, v:1, k:ed@setbuild, mode:FULL, rate:66, size:256
2026-04-26 00:08:50, EXEC, v:1, k:ed@setbuild, mode:FULL, rate:66, size:257
2026-04-26 00:09:10, MOVE, v:1, k:ed@setbuild, mode:EDIT
2026-04-26 00:08:49, MOVE, v:1, k:ed@setbuild, mode:EDIT
2026-04-26 00:14:04, EXEC, v:1, k:ed@setbuild, mode:FULL, rate:100, size:252
2026-04-26 00:14:07, MOVE, v:1, k:ed@setbuild, mode:BACK
2026-04-26 00:21:00, MOVE, v:1, k:ed@setbuild, mode:PICK
2026-04-26 00:21:01, EXEC, v:1, k:ed@setbuild, mode:FULL, rate:100, size:253
2026-04-26 00:21:02, MOVE, v:1, k:ed@setbuild, mode:BACK
2026-04-26 00:21:07, SELF, v:1, k:ed@setbuild, self:1, rate:100
2026-04-26 11:57:38, MOVE, v:1, k:ed@bettersearch, mode:DOWN
2026-04-26 11:57:42, MOVE, v:1, k:ed@bettersearch, mode:PICK
2026-04-26 11:57:59, EXEC, v:1, k:ed@bettersearch, mode:FULL, rate:18, size:33
2026-04-26 11:58:37, MOVE, v:1, k:ed@bettersearch, mode:BACK
2026-04-26 11:59:36, MOVE, v:1, k:ed@bettersearch, mode:PICK
2026-04-26 11:59:39, EXEC, v:1, k:ed@bettersearch, mode:FULL, rate:18
2026-04-26 11:59:38, MOVE, v:1, k:ed@bettersearch, mode:EDIT
2026-04-26 12:04:24, MOVE, v:1, k:ed@bettersearch, mode:EDIT
2026-04-26 12:09:27, MOVE, v:1, k:ed@bettersearch, mode:EDIT
2026-04-26 12:14:34, MOVE, v:1, k:ed@bettersearch, mode:PICK
2026-04-26 12:15:50, MOVE, v:1, k:ed@bettersearch, mode:PICK
2026-04-26 12:16:27, MOVE, v:1, k:ed@bettersearch, mode:PICK
2026-04-26 12:20:11, MOVE, v:1, k:ed@bettersearch, mode:PICK
2026-04-26 12:20:14, EXEC, v:1, k:ed@bettersearch, mode:FREE, size:65
2026-04-26 12:21:10, EXEC, v:1, k:ed@bettersearch, mode:FREE, size:65
2026-04-26 12:23:02, MOVE, v:1, k:ed@bettersearch, mode:PICK
2026-04-26 12:23:05, EXEC, v:1, k:ed@bettersearch, mode:FREE, size:65
2026-04-26 12:25:54, MOVE, v:1, k:ed@bettersearch, mode:PICK
2026-04-26 12:25:58, EXEC, v:1, k:ed@bettersearch, mode:FREE, size:64
2026-04-26 12:29:32, MOVE, v:1, k:ed@bettersearch, mode:EDIT
2026-04-26 12:28:03, MOVE, v:1, k:ed@bettersearch, mode:EDIT
2026-04-26 12:34:34, EXEC, v:1, k:ed@bettersearch, mode:FREE, size:64
2026-04-26 12:34:30, MOVE, v:1, k:ed@bettersearch, mode:EDIT
2026-04-26 12:34:35, MOVE, v:1, k:ed@bettersearch, mode:EDIT
2026-04-26 12:40:44, MOVE, v:1, k:ed@bettersearch, mode:EDIT
2026-04-26 12:38:56, MOVE, v:1, k:ed@bettersearch, mode:EDIT
2026-04-26 12:42:34, MOVE, v:1, k:ed@bettersearch, mode:EDIT
2026-04-26 12:48:45, EXEC, v:1, k:ed@bettersearch, mode:FULL, rate:63, size:69
2026-04-26 12:49:29, EXEC, v:1, k:ed@bettersearch, mode:FULL, rate:63, size:67
2026-04-26 12:49:28, MOVE, v:1, k:ed@bettersearch, mode:EDIT
2026-04-26 12:49:26, MOVE, v:1, k:ed@bettersearch, mode:EDIT
2026-04-26 12:59:20, MOVE, v:1, k:ed@bettersearch, mode:PICK
2026-04-26 12:59:43, EXEC, v:1, k:ed@bettersearch, mode:FULL, rate:63, size:69
2026-04-26 13:01:21, EXEC, v:1, k:ed@bettersearch, mode:FULL, rate:63, size:69
2026-04-26 13:02:22, EXEC, v:1, k:ed@bettersearch, mode:FULL, rate:63, size:67
2026-04-26 13:02:35, EXEC, v:1, k:ed@bettersearch, mode:FULL, rate:63, size:69
2026-04-26 13:02:46, EXEC, v:1, k:ed@bettersearch, mode:FULL, rate:63, size:67
2026-04-26 13:02:45, MOVE, v:1, k:ed@bettersearch, mode:EDIT
2026-04-26 13:02:44, MOVE, v:1, k:ed@bettersearch, mode:EDIT
2026-04-26 13:05:20, EXEC, v:1, k:ed@bettersearch, mode:FULL, rate:54, size:67
2026-04-26 13:05:27, EXEC, v:1, k:ed@bettersearch, mode:FULL, rate:63, size:67
2026-04-26 13:08:18, EXEC, v:1, k:ed@bettersearch, mode:FULL, rate:100, size:56
2026-04-26 13:08:19, MOVE, v:1, k:ed@bettersearch, mode:BACK
2026-04-26 13:08:13, MOVE, v:1, k:ed@bettersearch, mode:EDIT
2026-04-26 13:08:17, MOVE, v:1, k:ed@bettersearch, mode:EDIT
2026-04-26 13:14:05, MOVE, v:1, k:ed@setbuild, mode:PICK
2026-04-26 13:14:35, EXEC, v:1, k:ed@setbuild, mode:FULL, rate:100, size:253
2026-04-26 13:14:37, MOVE, v:1, k:ed@setbuild, mode:BACK
2026-04-26 13:14:59, MOVE, v:1, k:ed@setbuild, mode:PICK
2026-04-26 13:15:01, EXEC, v:1, k:ed@setbuild, mode:FULL, rate:100, size:247
2026-04-26 13:15:15, MOVE, v:1, k:ed@setbuild, mode:BACK
2026-04-26 13:23:12, MOVE, v:1, k:ed@bettersearch, mode:PICK
2026-04-26 13:23:14, EXEC, v:1, k:ed@bettersearch, mode:FULL, rate:54, size:56
2026-04-26 13:23:23, EXEC, v:1, k:ed@bettersearch, mode:FULL, rate:100, size:56
2026-04-26 13:23:24, MOVE, v:1, k:ed@bettersearch, mode:BACK
2026-04-26 13:23:47, SELF, v:1, k:ed@bettersearch, self:1, rate:100
2026-04-26 13:23:48, MOVE, v:1, k:ed@bettersearch, mode:PICK
2026-04-26 13:23:50, MOVE, v:1, k:ed@bettersearch, mode:BACK
2026-04-26 16:37:37, MOVE, v:1, k:ed@bettersearch, mode:DOWN
2026-04-26 16:38:03, MOVE, v:1, k:ed@iterador, mode:DOWN
2026-04-26 16:38:07, MOVE, v:1, k:ed@iterador, mode:DOWN
2026-04-26 16:38:10, MOVE, v:1, k:ed@iterador, mode:DOWN
2026-04-26 16:38:13, MOVE, v:1, k:ed@iterador, mode:DOWN
2026-04-26 16:38:14, MOVE, v:1, k:ed@iterador, mode:DOWN
2026-04-26 16:38:14, MOVE, v:1, k:ed@iterador, mode:DOWN
2026-04-26 16:38:14, MOVE, v:1, k:ed@iterador, mode:DOWN
2026-04-26 16:38:15, MOVE, v:1, k:ed@iterador, mode:DOWN
2026-04-26 16:38:15, MOVE, v:1, k:ed@iterador, mode:DOWN
2026-04-26 16:38:15, MOVE, v:1, k:ed@iterador, mode:DOWN
2026-04-26 16:38:15, MOVE, v:1, k:ed@iterador, mode:DOWN
2026-04-26 16:38:16, MOVE, v:1, k:ed@iterador, mode:DOWN
2026-04-26 16:38:16, MOVE, v:1, k:ed@iterador, mode:DOWN
2026-04-26 16:38:16, MOVE, v:1, k:ed@iterador, mode:DOWN
2026-04-26 16:38:16, MOVE, v:1, k:ed@iterador, mode:DOWN
2026-04-26 16:38:16, MOVE, v:1, k:ed@iterador, mode:DOWN
2026-04-26 16:38:16, MOVE, v:1, k:ed@iterador, mode:DOWN
2026-04-26 16:38:17, MOVE, v:1, k:ed@iterador, mode:DOWN
2026-04-26 16:38:17, MOVE, v:1, k:ed@iterador, mode:DOWN
2026-04-26 16:38:17, MOVE, v:1, k:ed@iterador, mode:DOWN
2026-04-26 16:38:17, MOVE, v:1, k:ed@iterador, mode:DOWN
2026-04-26 16:38:17, MOVE, v:1, k:ed@iterador, mode:DOWN
2026-04-26 16:38:17, MOVE, v:1, k:ed@iterador, mode:DOWN
2026-04-26 16:38:23, MOVE, v:1, k:ed@iterador, mode:DOWN
2026-04-26 16:38:25, MOVE, v:1, k:ed@iterador, mode:DOWN
2026-04-26 16:38:25, MOVE, v:1, k:ed@iterador, mode:DOWN
2026-04-26 16:38:25, MOVE, v:1, k:ed@iterador, mode:DOWN
2026-04-26 16:38:26, MOVE, v:1, k:ed@iterador, mode:DOWN
2026-04-26 16:38:26, MOVE, v:1, k:ed@iterador, mode:DOWN
2026-04-26 16:38:26, MOVE, v:1, k:ed@iterador, mode:DOWN
2026-04-26 16:38:26, MOVE, v:1, k:ed@iterador, mode:DOWN
2026-04-26 16:38:27, MOVE, v:1, k:ed@iterador, mode:DOWN
2026-04-26 16:38:27, MOVE, v:1, k:ed@iterador, mode:DOWN
2026-04-26 16:38:27, MOVE, v:1, k:ed@iterador, mode:DOWN
2026-04-26 16:38:27, MOVE, v:1, k:ed@iterador, mode:DOWN
2026-04-26 16:38:28, MOVE, v:1, k:ed@iterador, mode:DOWN
2026-04-26 16:38:28, MOVE, v:1, k:ed@iterador, mode:DOWN
2026-04-26 16:38:28, MOVE, v:1, k:ed@iterador, mode:DOWN
2026-04-26 16:38:28, MOVE, v:1, k:ed@iterador, mode:DOWN
2026-04-26 16:38:28, MOVE, v:1, k:ed@iterador, mode:DOWN
2026-04-26 16:38:29, MOVE, v:1, k:ed@iterador, mode:DOWN
2026-04-26 16:38:29, MOVE, v:1, k:ed@iterador, mode:DOWN
2026-04-26 16:38:29, MOVE, v:1, k:ed@iterador, mode:DOWN
2026-04-26 16:38:29, MOVE, v:1, k:ed@iterador, mode:DOWN
2026-04-26 16:38:29, MOVE, v:1, k:ed@iterador, mode:DOWN
2026-04-26 16:38:30, MOVE, v:1, k:ed@iterador, mode:DOWN
2026-04-26 16:38:30, MOVE, v:1, k:ed@iterador, mode:DOWN
2026-04-26 16:38:30, MOVE, v:1, k:ed@iterador, mode:DOWN
2026-04-26 16:38:30, MOVE, v:1, k:ed@iterador, mode:DOWN
2026-04-26 16:38:30, MOVE, v:1, k:ed@iterador, mode:DOWN
2026-04-26 16:38:30, MOVE, v:1, k:ed@iterador, mode:DOWN
2026-04-26 16:38:31, MOVE, v:1, k:ed@iterador, mode:DOWN
2026-04-26 16:38:31, MOVE, v:1, k:ed@iterador, mode:DOWN
2026-04-26 16:38:31, MOVE, v:1, k:ed@iterador, mode:DOWN
2026-04-26 16:38:32, MOVE, v:1, k:ed@iterador, mode:DOWN
2026-04-26 16:38:32, MOVE, v:1, k:ed@iterador, mode:DOWN
2026-04-26 16:38:32, MOVE, v:1, k:ed@iterador, mode:DOWN
2026-04-26 16:38:32, MOVE, v:1, k:ed@iterador, mode:DOWN
2026-04-26 16:38:32, MOVE, v:1, k:ed@iterador, mode:DOWN
2026-04-26 16:38:32, MOVE, v:1, k:ed@iterador, mode:DOWN
2026-04-26 16:38:33, MOVE, v:1, k:ed@iterador, mode:DOWN
2026-04-26 16:38:33, MOVE, v:1, k:ed@iterador, mode:DOWN
2026-04-26 16:38:33, MOVE, v:1, k:ed@iterador, mode:DOWN
2026-04-26 16:38:33, MOVE, v:1, k:ed@iterador, mode:DOWN
2026-04-26 16:38:33, MOVE, v:1, k:ed@iterador, mode:DOWN
2026-04-26 16:38:34, MOVE, v:1, k:ed@iterador, mode:DOWN
2026-04-26 16:38:34, MOVE, v:1, k:ed@iterador, mode:DOWN
2026-04-26 16:38:34, MOVE, v:1, k:ed@iterador, mode:DOWN
2026-04-26 16:38:34, MOVE, v:1, k:ed@iterador, mode:DOWN
2026-04-26 16:38:34, MOVE, v:1, k:ed@iterador, mode:DOWN
2026-04-26 16:38:35, MOVE, v:1, k:ed@iterador, mode:DOWN
2026-04-26 16:38:35, MOVE, v:1, k:ed@iterador, mode:DOWN
2026-04-26 16:38:35, MOVE, v:1, k:ed@iterador, mode:DOWN
2026-04-26 16:38:35, MOVE, v:1, k:ed@iterador, mode:DOWN
2026-04-26 16:38:36, MOVE, v:1, k:ed@iterador, mode:DOWN
2026-04-26 16:40:31, MOVE, v:1, k:ed@magicsearch, mode:DOWN
2026-04-26 16:40:35, MOVE, v:1, k:ed@magicsearch, mode:PICK
2026-04-26 16:41:44, EXEC, v:1, k:ed@magicsearch, mode:FULL, rate:30, size:30
2026-04-26 16:37:36, MOVE, v:1, k:ed@bettersearch, mode:EDIT
2026-04-26 16:37:36, MOVE, v:1, k:ed@bettersearch, mode:EDIT
2026-04-26 16:37:37, MOVE, v:1, k:ed@bettersearch, mode:EDIT
2026-04-26 16:39:46, MOVE, v:1, k:ed@bettersearch, mode:EDIT
2026-04-26 16:40:39, MOVE, v:1, k:ed@magicsearch, mode:EDIT
2026-04-26 16:40:31, MOVE, v:1, k:ed@magicsearch, mode:EDIT
2026-04-26 16:40:39, MOVE, v:1, k:ed@magicsearch, mode:EDIT
2026-04-26 16:41:44, MOVE, v:1, k:ed@magicsearch, mode:EDIT
2026-04-26 16:52:31, MOVE, v:1, k:ed@magicsearch, mode:EDIT
2026-04-26 16:52:58, EXEC, v:1, k:ed@magicsearch, mode:FULL, rate:30, size:38
2026-04-26 16:57:03, MOVE, v:1, k:ed@magicsearch, mode:BACK
2026-04-26 16:57:20, MOVE, v:1, k:ed@bettersearch, mode:PICK
2026-04-26 16:57:26, MOVE, v:1, k:ed@bettersearch, mode:BACK
2026-04-26 16:54:32, MOVE, v:1, k:ed@magicsearch, mode:EDIT
2026-04-26 16:52:58, MOVE, v:1, k:ed@magicsearch, mode:EDIT
2026-04-26 16:57:12, MOVE, v:1, k:ed@magicsearch, mode:EDIT
2026-04-26 16:57:34, MOVE, v:1, k:ed@magicsearch, mode:PICK
2026-04-26 16:57:37, EXEC, v:1, k:ed@magicsearch, mode:FULL, rate:30, size:39
2026-04-26 16:57:41, MOVE, v:1, k:ed@magicsearch, mode:BACK
2026-04-26 16:57:59, MOVE, v:1, k:ed@magicsearch, mode:PICK
2026-04-26 16:58:02, EXEC, v:1, k:ed@magicsearch, mode:FULL, rate:30
2026-04-26 16:58:01, MOVE, v:1, k:ed@magicsearch, mode:EDIT
2026-04-26 16:59:04, MOVE, v:1, k:ed@magicsearch, mode:EDIT
2026-04-26 17:08:23, MOVE, v:1, k:ed@bettersearch, mode:EDIT
2026-04-26 17:24:50, MOVE, v:1, k:ed@bettersearch, mode:EDIT
