2026-06-01 09:21:47, MOVE, v:1, k:ed@cercado, mode:PICK
2026-06-01 09:21:47, MOVE, v:1, k:ed@cercado, mode:EDIT
2026-06-01 09:21:47, MOVE, v:1, k:ed@cercado, mode:EDIT
2026-06-01 09:21:50, MOVE, v:1, k:ed@cercado, mode:EDIT
2026-06-01 09:29:41, MOVE, v:1, k:ed@cercado, mode:BACK
2026-06-01 09:29:42, MOVE, v:1, k:ed@cercado, mode:PICK
2026-06-01 09:29:51, EXEC, v:1, k:ed@cercado, mode:FULL, rate:33
2026-06-01 09:29:40, MOVE, v:1, k:ed@cercado, mode:EDIT
2026-06-01 09:29:50, MOVE, v:1, k:ed@cercado, mode:EDIT
2026-06-01 09:36:18, MOVE, v:1, k:ed@cercado, mode:EDIT
2026-06-01 09:41:13, MOVE, v:1, k:ed@cercado, mode:EDIT
2026-06-01 09:46:20, MOVE, v:1, k:ed@cercado, mode:EDIT
2026-06-01 09:51:19, MOVE, v:1, k:ed@cercado, mode:EDIT
2026-06-01 09:52:49, EXEC, v:1, k:ed@cercado, mode:FULL, rate:33, size:53
2026-06-01 09:54:19, EXEC, v:1, k:ed@cercado, mode:FULL, rate:33
2026-06-01 09:54:50, EXEC, v:1, k:ed@cercado, mode:FULL, rate:33, size:53
2026-06-01 09:54:47, MOVE, v:1, k:ed@cercado, mode:EDIT
2026-06-01 09:54:49, MOVE, v:1, k:ed@cercado, mode:EDIT
2026-06-01 09:57:06, EXEC, v:1, k:ed@cercado, mode:FULL, rate:0, size:53
2026-06-01 09:58:35, MOVE, v:1, k:ed@cercado, mode:EDIT
2026-06-01 09:57:06, MOVE, v:1, k:ed@cercado, mode:EDIT
2026-06-01 10:19:15, MOVE, v:1, k:ed@cercado, mode:EDIT
2026-06-01 10:18:17, MOVE, v:1, k:ed@cercado, mode:EDIT
2026-06-01 10:31:42, MOVE, v:1, k:ed@cercado, mode:BACK
2026-06-01 10:31:46, MOVE, v:1, k:ed@cercado, mode:PICK
2026-06-01 10:31:56, MOVE, v:1, k:ed@cercado, mode:BACK
2026-06-01 10:31:59, MOVE, v:1, k:ed@cercado, mode:PICK
2026-06-01 10:32:02, EXEC, v:1, k:ed@cercado, mode:FULL, size:60, fail:COMP
2026-06-01 10:33:20, EXEC, v:1, k:ed@cercado, mode:FULL, rate:33, size:58
2026-06-01 10:34:31, EXEC, v:1, k:ed@cercado, mode:FULL, rate:33, size:53
2026-06-01 10:31:46, MOVE, v:1, k:ed@cercado, mode:EDIT
2026-06-01 10:36:20, MOVE, v:1, k:ed@cercado, mode:EDIT
2026-06-01 10:34:31, MOVE, v:1, k:ed@cercado, mode:EDIT
2026-06-01 10:41:22, MOVE, v:1, k:ed@cercado, mode:EDIT
2026-06-01 10:46:25, MOVE, v:1, k:ed@cercado, mode:EDIT
2026-06-01 10:47:44, EXEC, v:1, k:ed@cercado, mode:FULL, rate:33, size:68
2026-06-01 10:48:07, EXEC, v:1, k:ed@cercado, mode:FULL, rate:33, size:69
2026-06-01 10:48:41, EXEC, v:1, k:ed@cercado, mode:FULL, rate:33, size:70
2026-06-01 10:50:14, EXEC, v:1, k:ed@cercado, mode:FULL, rate:66, size:70
2026-06-01 10:50:30, EXEC, v:1, k:ed@cercado, mode:FULL, rate:66, size:69
2026-06-01 10:51:24, MOVE, v:1, k:ed@cercado, mode:EDIT
2026-06-01 10:50:29, MOVE, v:1, k:ed@cercado, mode:EDIT
2026-06-01 10:52:03, EXEC, v:1, k:ed@cercado, mode:FULL, size:72, fail:COMP
2026-06-01 10:52:47, EXEC, v:1, k:ed@cercado, mode:FULL, size:72, fail:COMP
2026-06-01 10:53:17, MOVE, v:1, k:ed@cercado, mode:EDIT
2026-06-01 12:25:34, MOVE, v:1, k:ed@cercado, mode:EDIT
2026-06-01 12:33:55, MOVE, v:1, k:ed@cercado, mode:BACK
2026-06-01 18:40:48, MOVE, v:1, k:ed@cercado, mode:PICK
2026-06-01 18:40:50, EXEC, v:1, k:ed@cercado, mode:FULL, rate:33, size:55
2026-06-01 18:40:50, MOVE, v:1, k:ed@cercado, mode:BACK
2026-06-01 18:40:52, MOVE, v:1, k:ed@ilhas, mode:PICK
2026-06-01 18:40:52, EXEC, v:1, k:ed@ilhas, mode:FULL, fail:COMP
2026-06-01 18:40:53, MOVE, v:1, k:ed@ilhas, mode:BACK
2026-06-01 18:40:56, MOVE, v:1, k:ed@cercado, mode:PICK
2026-06-01 18:40:57, EXEC, v:1, k:ed@cercado, mode:FULL, rate:33
2026-06-01 18:41:04, EXEC, v:1, k:ed@cercado, mode:FULL, rate:33, size:57
2026-06-01 18:44:01, EXEC, v:1, k:ed@cercado, mode:FULL, rate:33, size:57
2026-06-01 18:45:11, EXEC, v:1, k:ed@cercado, mode:FULL, rate:33, size:55
2026-06-01 18:45:14, EXEC, v:1, k:ed@cercado, mode:FULL, rate:33, size:55
2026-06-01 18:45:42, EXEC, v:1, k:ed@cercado, mode:FULL, rate:33, size:55
2026-06-01 18:40:48, MOVE, v:1, k:ed@cercado, mode:EDIT
2026-06-01 18:45:41, MOVE, v:1, k:ed@cercado, mode:EDIT
2026-06-01 18:40:52, MOVE, v:1, k:ed@ilhas, mode:EDIT
2026-06-01 18:40:52, MOVE, v:1, k:ed@ilhas, mode:EDIT
2026-06-01 18:40:52, MOVE, v:1, k:ed@ilhas, mode:EDIT
2026-06-01 18:45:40, MOVE, v:1, k:ed@cercado, mode:EDIT
2026-06-01 18:49:03, EXEC, v:1, k:ed@cercado, mode:FULL, rate:100, size:55
2026-06-01 18:49:18, MOVE, v:1, k:ed@cercado, mode:EDIT
2026-06-01 18:49:03, MOVE, v:1, k:ed@cercado, mode:EDIT
2026-06-01 18:53:40, MOVE, v:1, k:ed@cercado, mode:BACK
2026-06-01 18:53:46, SELF, v:1, k:ed@cercado, self:1, rate:100, concept:1
2026-06-01 18:58:56, MOVE, v:1, k:ed@cercado, mode:PICK
2026-06-01 18:58:57, EXEC, v:1, k:ed@cercado, mode:FULL, rate:33, size:60
2026-06-01 18:59:07, EXEC, v:1, k:ed@cercado, mode:FULL, rate:100, size:55
2026-06-01 18:59:07, MOVE, v:1, k:ed@cercado, mode:BACK
2026-06-01 19:24:19, MOVE, v:1, k:ed@pilha, mode:PICK
2026-06-01 19:24:19, MOVE, v:1, k:ed@pilha, mode:EDIT
2026-06-01 19:24:19, MOVE, v:1, k:ed@pilha, mode:EDIT
2026-06-01 19:26:18, MOVE, v:1, k:ed@pilha, mode:EDIT
2026-06-01 19:24:29, MOVE, v:1, k:ed@pilha, mode:EDIT
2026-06-01 19:38:59, MOVE, v:1, k:ed@pilha, mode:EDIT
2026-06-01 19:39:09, MOVE, v:1, k:ed@pilha, mode:EDIT
2026-06-01 19:53:51, MOVE, v:1, k:ed@pilha, mode:EDIT
2026-06-01 20:01:11, MOVE, v:1, k:ed@pilha, mode:PICK
2026-06-01 20:01:12, EXEC, v:1, k:ed@pilha, mode:FULL, rate:0, size:112
2026-06-01 20:01:33, MOVE, v:1, k:ed@pilha, mode:EDIT
2026-06-01 20:01:11, MOVE, v:1, k:ed@pilha, mode:EDIT
2026-06-01 20:06:34, EXEC, v:1, k:ed@pilha, mode:FULL, rate:0, size:111
2026-06-01 20:06:57, EXEC, v:1, k:ed@pilha, mode:FULL, rate:0, size:111
2026-06-01 20:06:56, MOVE, v:1, k:ed@pilha, mode:EDIT
2026-06-01 20:06:56, MOVE, v:1, k:ed@pilha, mode:EDIT
2026-06-01 20:11:09, EXEC, v:1, k:ed@pilha, mode:FULL, rate:0, size:111
2026-06-01 20:11:02, MOVE, v:1, k:ed@pilha, mode:EDIT
2026-06-01 20:11:08, MOVE, v:1, k:ed@pilha, mode:EDIT
2026-06-01 20:22:46, EXEC, v:1, k:ed@pilha, mode:FULL, rate:0, size:112
2026-06-01 20:22:47, MOVE, v:1, k:ed@pilha, mode:BACK
2026-06-01 23:43:38, MOVE, v:1, k:ed@cercado, mode:PICK
2026-06-01 23:45:10, EXEC, v:1, k:ed@cercado, mode:FULL, rate:100
2026-06-01 23:43:38, MOVE, v:1, k:ed@cercado, mode:EDIT
2026-06-01 23:43:38, MOVE, v:1, k:ed@cercado, mode:EDIT
2026-06-01 23:43:40, MOVE, v:1, k:ed@cercado, mode:EDIT
2026-06-01 23:45:09, MOVE, v:1, k:ed@cercado, mode:EDIT
