2026-05-02 10:38:39, MOVE, v:1, k:ed@lista_d4, mode:DOWN
2026-05-02 10:38:45, MOVE, v:1, k:ed@lista_d4, mode:PICK
2026-05-02 11:02:03, MOVE, v:1, k:ed@lista_d4, mode:PICK
2026-05-02 11:02:06, EXEC, v:1, k:ed@lista_d4, mode:FULL, rate:0, size:136
2026-05-02 11:02:05, MOVE, v:1, k:ed@lista_d4, mode:EDIT
2026-05-02 11:06:04, MOVE, v:1, k:ed@lista_d4, mode:EDIT
2026-05-02 11:11:38, EXEC, v:1, k:ed@lista_d4, mode:FULL, rate:66, size:157
2026-05-02 11:11:56, EXEC, v:1, k:ed@lista_d4, mode:FULL, rate:66, size:157
2026-05-02 11:11:54, MOVE, v:1, k:ed@lista_d4, mode:EDIT
2026-05-02 11:11:55, MOVE, v:1, k:ed@lista_d4, mode:EDIT
2026-05-02 11:16:18, MOVE, v:1, k:ed@lista_d4, mode:EDIT
2026-05-02 11:18:25, EXEC, v:1, k:ed@lista_d4, mode:FULL, rate:66, size:175
2026-05-02 11:20:24, EXEC, v:1, k:ed@lista_d4, mode:FULL, rate:100, size:175
2026-05-02 11:20:25, MOVE, v:1, k:ed@lista_d4, mode:BACK
2026-05-02 11:20:28, SELF, v:1, k:ed@lista_d4, self:1, rate:100
2026-05-02 11:21:18, MOVE, v:1, k:ed@prin_list1, mode:DOWN
2026-05-02 11:21:22, MOVE, v:1, k:ed@prin_list1, mode:PICK
2026-05-02 11:21:26, EXEC, v:1, k:ed@prin_list1, mode:FULL, size:172, fail:COMP
2026-05-02 11:21:24, MOVE, v:1, k:ed@prin_list1, mode:EDIT
2026-05-02 11:23:12, MOVE, v:1, k:ed@prin_list1, mode:EDIT
2026-05-02 11:21:24, MOVE, v:1, k:ed@prin_list1, mode:EDIT
2026-05-02 12:08:41, MOVE, v:1, k:ed@prin_list1, mode:PICK
2026-05-02 12:08:53, EXEC, v:1, k:ed@prin_list1, mode:FULL, rate:0, size:179
2026-05-02 12:10:19, EXEC, v:1, k:ed@prin_list1, mode:FULL, rate:0, size:179
2026-05-02 12:10:23, MOVE, v:1, k:ed@prin_list1, mode:BACK
2026-05-02 12:10:30, MOVE, v:1, k:ed@prin_list1, mode:PICK
2026-05-02 12:10:32, EXEC, v:1, k:ed@prin_list1, mode:FULL, rate:0
2026-05-02 12:13:26, EXEC, v:1, k:ed@prin_list1, mode:FULL, rate:0, size:182
2026-05-02 12:13:36, EXEC, v:1, k:ed@prin_list1, mode:FULL, rate:0, size:182
2026-05-02 12:13:35, MOVE, v:1, k:ed@prin_list1, mode:EDIT
2026-05-02 12:15:26, MOVE, v:1, k:ed@prin_list1, mode:EDIT
2026-05-02 12:15:32, EXEC, v:1, k:ed@prin_list1, mode:FULL, rate:0, size:181
2026-05-02 12:16:14, EXEC, v:1, k:ed@prin_list1, mode:FULL, rate:0, size:181
2026-05-02 12:20:28, MOVE, v:1, k:ed@prin_list1, mode:EDIT
2026-05-02 12:16:14, MOVE, v:1, k:ed@prin_list1, mode:EDIT
2026-05-02 12:17:05, MOVE, v:1, k:ed@prin_list1, mode:EDIT
2026-05-02 12:22:35, EXEC, v:1, k:ed@prin_list1, mode:FULL, rate:0, size:196
2026-05-02 12:22:52, EXEC, v:1, k:ed@prin_list1, mode:FULL, rate:0, size:197
2026-05-02 12:23:30, EXEC, v:1, k:ed@prin_list1, mode:FULL, rate:0, size:197
2026-05-02 12:24:54, EXEC, v:1, k:ed@prin_list1, mode:FULL, rate:0, size:194
2026-05-02 12:25:12, EXEC, v:1, k:ed@prin_list1, mode:FULL, rate:0, size:196
2026-05-02 12:25:33, MOVE, v:1, k:ed@prin_list1, mode:PICK
2026-05-02 12:25:34, EXEC, v:1, k:ed@prin_list1, mode:FULL, rate:0
2026-05-02 12:25:34, MOVE, v:1, k:ed@prin_list1, mode:EDIT
2026-05-02 12:30:26, MOVE, v:1, k:ed@prin_list1, mode:EDIT
2026-05-02 12:34:41, EXEC, v:1, k:ed@prin_list1, mode:FULL, rate:0, size:202
2026-05-02 12:35:31, EXEC, v:1, k:ed@prin_list1, mode:FULL, rate:0, size:202
2026-05-02 12:35:30, MOVE, v:1, k:ed@prin_list1, mode:EDIT
2026-05-02 12:35:31, MOVE, v:1, k:ed@prin_list1, mode:EDIT
2026-05-02 15:04:42, EXEC, v:1, k:ed@prin_list1, mode:FULL, rate:0, size:204
2026-05-02 15:04:40, MOVE, v:1, k:ed@prin_list1, mode:EDIT
2026-05-02 15:02:30, MOVE, v:1, k:ed@prin_list1, mode:EDIT
2026-05-02 15:04:41, MOVE, v:1, k:ed@prin_list1, mode:EDIT
2026-05-02 15:04:41, MOVE, v:1, k:ed@prin_list1, mode:EDIT
2026-05-02 15:07:28, EXEC, v:1, k:ed@prin_list1, mode:FULL, rate:0, size:204
2026-05-02 15:07:51, EXEC, v:1, k:ed@prin_list1, mode:FULL, rate:0, size:203
2026-05-02 15:09:56, MOVE, v:1, k:ed@prin_list1, mode:EDIT
2026-05-02 15:09:57, MOVE, v:1, k:ed@prin_list1, mode:EDIT
2026-05-02 15:09:58, EXEC, v:1, k:ed@prin_list1, mode:FULL, rate:0, size:204
2026-05-02 15:10:31, EXEC, v:1, k:ed@prin_list1, mode:FULL, rate:100, size:205
2026-05-02 15:10:50, MOVE, v:1, k:ed@prin_list1, mode:BACK
2026-05-02 15:10:56, SELF, v:1, k:ed@prin_list1, self:1, rate:100, concept:1
2026-05-02 15:12:03, MOVE, v:1, k:ed@editor, mode:DOWN
2026-05-02 15:12:11, MOVE, v:1, k:ed@editor, mode:PICK
2026-05-02 15:12:16, EXEC, v:1, k:ed@editor, mode:FULL, rate:0, size:5
2026-05-02 15:12:13, MOVE, v:1, k:ed@editor, mode:EDIT
2026-05-02 15:12:03, MOVE, v:1, k:ed@editor, mode:EDIT
2026-05-02 15:12:14, MOVE, v:1, k:ed@editor, mode:EDIT
2026-05-02 15:12:16, MOVE, v:1, k:ed@editor, mode:EDIT
2026-05-02 15:53:18, MOVE, v:1, k:ed@editor, mode:EDIT
2026-05-02 15:58:06, MOVE, v:1, k:ed@editor, mode:EDIT
2026-05-02 15:59:21, MOVE, v:1, k:ed@editor, mode:EDIT
2026-05-02 16:01:24, MOVE, v:1, k:ed@editor, mode:EDIT
2026-05-02 16:07:59, MOVE, v:1, k:ed@editor, mode:EDIT
2026-05-02 16:08:14, MOVE, v:1, k:ed@editor, mode:EDIT
2026-05-02 16:18:09, MOVE, v:1, k:ed@editor, mode:EDIT
2026-05-02 16:19:23, MOVE, v:1, k:ed@editor, mode:BACK
2026-05-02 19:42:26, MOVE, v:1, k:ed@editor, mode:PICK
2026-05-02 19:42:28, EXEC, v:1, k:ed@editor, mode:FULL, rate:100, size:54
2026-05-02 19:42:29, MOVE, v:1, k:ed@editor, mode:BACK
2026-05-02 19:42:37, MOVE, v:1, k:ed@editor, mode:PICK
2026-05-02 19:42:37, MOVE, v:1, k:ed@editor, mode:BACK
2026-05-02 19:42:38, MOVE, v:1, k:ed@editor, mode:PICK
2026-05-02 19:45:00, MOVE, v:1, k:ed@editor, mode:EDIT
2026-05-02 19:52:36, MOVE, v:1, k:ed@editor, mode:EDIT
2026-05-02 19:57:36, MOVE, v:1, k:ed@editor, mode:EDIT
2026-05-02 20:02:32, MOVE, v:1, k:ed@editor, mode:EDIT
2026-05-02 20:07:20, MOVE, v:1, k:ed@editor, mode:EDIT
2026-05-02 20:31:23, MOVE, v:1, k:ed@editor, mode:BACK
2026-05-02 20:33:17, MOVE, v:1, k:ed@lista_d2, mode:PICK
2026-05-02 20:35:24, MOVE, v:1, k:ed@lista_d2, mode:PICK
2026-05-02 20:38:38, EXEC, v:1, k:ed@lista_d2, mode:FULL, rate:20, size:263
2026-05-02 20:39:45, MOVE, v:1, k:ed@lista_d2, mode:PICK
2026-05-02 20:39:58, EXEC, v:1, k:ed@lista_d2, mode:FULL, rate:100, size:263
2026-05-02 20:39:59, MOVE, v:1, k:ed@lista_d2, mode:BACK
2026-05-02 20:44:33, MOVE, v:1, k:ed@editor, mode:PICK
2026-05-02 20:46:21, MOVE, v:1, k:ed@editor, mode:BACK
2026-05-02 20:46:28, MOVE, v:1, k:ed@iterador, mode:PICK
2026-05-02 20:46:35, EXEC, v:1, k:ed@iterador, mode:FULL, rate:33, size:141
2026-05-02 20:44:33, MOVE, v:1, k:ed@editor, mode:EDIT
2026-05-02 20:44:33, MOVE, v:1, k:ed@editor, mode:EDIT
2026-05-02 20:44:33, MOVE, v:1, k:ed@editor, mode:EDIT
2026-05-02 20:46:28, MOVE, v:1, k:ed@iterador, mode:EDIT
2026-05-02 20:46:28, MOVE, v:1, k:ed@iterador, mode:EDIT
2026-05-02 20:46:41, MOVE, v:1, k:ed@iterador, mode:EDIT
2026-05-02 20:46:35, MOVE, v:1, k:ed@iterador, mode:EDIT
2026-05-02 23:06:12, MOVE, v:1, k:ed@iterador, mode:EDIT
2026-05-02 23:03:02, MOVE, v:1, k:ed@iterador, mode:EDIT
2026-05-02 23:03:03, MOVE, v:1, k:ed@iterador, mode:EDIT
2026-05-02 23:06:25, EXEC, v:1, k:ed@iterador, mode:FULL, size:141, fail:COMP
2026-05-02 23:06:27, MOVE, v:1, k:ed@iterador, mode:BACK
2026-05-02 23:06:28, MOVE, v:1, k:ed@iterador, mode:PICK
2026-05-02 23:06:28, EXEC, v:1, k:ed@iterador, mode:FULL, fail:COMP
2026-05-02 23:11:13, MOVE, v:1, k:ed@iterador, mode:EDIT
2026-05-02 23:06:25, MOVE, v:1, k:ed@iterador, mode:EDIT
2026-05-02 23:06:33, MOVE, v:1, k:ed@iterador, mode:EDIT
2026-05-02 23:15:59, MOVE, v:1, k:ed@iterador, mode:EDIT
2026-05-02 23:17:15, EXEC, v:1, k:ed@iterador, mode:FULL, rate:33, size:125
2026-05-02 23:17:17, MOVE, v:1, k:ed@iterador, mode:BACK
2026-05-02 23:17:19, MOVE, v:1, k:ed@iterador, mode:PICK
2026-05-02 23:17:32, EXEC, v:1, k:ed@iterador, mode:FULL, rate:33, size:127
2026-05-02 23:17:33, MOVE, v:1, k:ed@iterador, mode:BACK
2026-05-02 23:18:01, MOVE, v:1, k:ed@iterador, mode:PICK
2026-05-02 23:18:04, EXEC, v:1, k:ed@iterador, mode:FULL, rate:33
2026-05-02 23:18:30, EXEC, v:1, k:ed@iterador, mode:FULL, rate:33, size:127
2026-05-02 23:19:37, EXEC, v:1, k:ed@iterador, mode:FULL, rate:100, size:127
2026-05-02 23:19:38, MOVE, v:1, k:ed@iterador, mode:BACK
2026-05-02 23:19:48, SELF, v:1, k:ed@iterador, self:1, rate:100, problem:1
