2026-06-23 15:06:25, MOVE, v:1, k:ed@longest, mode:PICK
2026-06-23 15:06:26, EXEC, v:1, k:ed@longest, mode:FULL, rate:100
2026-06-23 15:06:26, MOVE, v:1, k:ed@longest, mode:BACK
2026-06-23 15:06:32, MOVE, v:1, k:ed@battleship, mode:PICK
2026-06-23 15:06:33, EXEC, v:1, k:ed@battleship, mode:FULL, fail:COMP
2026-06-23 15:08:48, MOVE, v:1, k:ed@battleship, mode:BACK
2026-06-23 15:08:50, MOVE, v:1, k:ed@ilhas, mode:PICK
2026-06-23 15:09:30, MOVE, v:1, k:ed@ilhas, mode:BACK
2026-06-23 15:09:34, MOVE, v:1, k:ed@battleship, mode:PICK
2026-06-23 15:09:35, EXEC, v:1, k:ed@battleship, mode:FULL, size:40, fail:COMP
2026-06-23 15:09:37, MOVE, v:1, k:ed@battleship, mode:BACK
2026-06-23 22:18:30, MOVE, v:1, k:ed@battleship, mode:PICK
2026-06-23 22:18:31, EXEC, v:1, k:ed@battleship, mode:FULL, size:78, fail:COMP
2026-06-23 22:19:33, MOVE, v:1, k:ed@battleship, mode:PICK
2026-06-23 22:19:33, EXEC, v:1, k:ed@battleship, mode:FULL, size:78, fail:COMP
2026-06-23 22:24:24, MOVE, v:1, k:ed@battleship, mode:EDIT
2026-06-23 22:25:54, EXEC, v:1, k:ed@battleship, mode:FULL, rate:50, size:76
2026-06-23 22:26:10, EXEC, v:1, k:ed@battleship, mode:FULL, rate:100, size:76
2026-06-23 22:26:10, MOVE, v:1, k:ed@battleship, mode:BACK
2026-06-23 22:26:13, SELF, v:1, k:ed@battleship, self:1, rate:100
2026-06-23 22:27:47, MOVE, v:1, k:ed@casais, mode:PICK
2026-06-23 22:27:49, EXEC, v:1, k:ed@casais, mode:FULL, rate:100
2026-06-23 22:27:50, MOVE, v:1, k:ed@casais, mode:BACK
2026-06-23 22:27:55, MOVE, v:1, k:ed@casais, mode:PICK
2026-06-23 22:27:58, MOVE, v:1, k:ed@casais, mode:BACK
2026-06-23 22:28:12, MOVE, v:1, k:ed@princesa, mode:PICK
2026-06-23 22:28:13, EXEC, v:1, k:ed@princesa, mode:FULL, rate:100
2026-06-23 22:28:14, MOVE, v:1, k:ed@princesa, mode:BACK
2026-06-23 22:29:04, MOVE, v:1, k:ed@caminho, mode:PICK
2026-06-23 22:29:05, EXEC, v:1, k:ed@caminho, mode:FULL, size:111, fail:COMP
2026-06-23 22:27:48, MOVE, v:1, k:ed@casais, mode:EDIT
2026-06-23 22:27:48, MOVE, v:1, k:ed@casais, mode:EDIT
2026-06-23 22:28:12, MOVE, v:1, k:ed@princesa, mode:EDIT
2026-06-23 22:28:12, MOVE, v:1, k:ed@princesa, mode:EDIT
2026-06-23 22:28:13, MOVE, v:1, k:ed@princesa, mode:EDIT
2026-06-23 22:29:04, MOVE, v:1, k:ed@caminho, mode:EDIT
2026-06-23 22:29:04, MOVE, v:1, k:ed@caminho, mode:EDIT
2026-06-23 22:29:04, MOVE, v:1, k:ed@caminho, mode:EDIT
2026-06-23 23:31:37, MOVE, v:1, k:ed@caminho, mode:EDIT
2026-06-23 23:30:58, MOVE, v:1, k:ed@caminho, mode:EDIT
2026-06-23 23:41:57, MOVE, v:1, k:ed@caminho, mode:EDIT
2026-06-23 23:46:10, MOVE, v:1, k:ed@caminho, mode:EDIT
2026-06-23 23:51:54, MOVE, v:1, k:ed@caminho, mode:EDIT
2026-06-23 23:57:13, MOVE, v:1, k:ed@caminho, mode:EDIT
