2026-03-11 08:25:05, MOVE, v:1, k:ed@princesa, mode:PICK
2026-03-11 09:01:35, EXEC, v:1, k:ed@princesa, mode:FREE, size:38
2026-03-11 09:02:00, EXEC, v:1, k:ed@princesa, mode:FULL, rate:0
2026-03-11 09:02:04, MOVE, v:1, k:ed@princesa, mode:BACK
2026-03-11 09:02:06, MOVE, v:1, k:ed@princesa, mode:PICK
2026-03-11 09:02:47, EXEC, v:1, k:ed@princesa, mode:FULL, rate:0, size:38
2026-03-11 09:02:48, EXEC, v:1, k:ed@princesa, mode:FREE
2026-03-11 09:03:41, EXEC, v:1, k:ed@princesa, mode:FULL, rate:0
2026-03-11 09:03:51, EXEC, v:1, k:ed@princesa, mode:FULL, rate:0
2026-03-11 09:03:56, EXEC, v:1, k:ed@princesa, mode:FREE
2026-03-11 10:29:09, MOVE, v:1, k:ed@princesa, mode:BACK
2026-03-11 10:35:17, MOVE, v:1, k:ed@princesa, mode:PICK
2026-03-11 10:37:21, MOVE, v:1, k:ed@princesa, mode:BACK
2026-03-11 10:40:09, MOVE, v:1, k:ed@princesa, mode:PICK
2026-03-11 10:40:17, EXEC, v:1, k:ed@princesa, mode:FULL, rate:0, size:50
2026-03-11 10:41:38, EXEC, v:1, k:ed@princesa, mode:FULL, rate:0, size:49
2026-03-11 10:41:40, EXEC, v:1, k:ed@princesa, mode:FULL, rate:0
2026-03-11 10:41:42, MOVE, v:1, k:ed@princesa, mode:BACK
2026-03-11 10:41:54, MOVE, v:1, k:ed@princesa, mode:PICK
2026-03-11 10:41:58, EXEC, v:1, k:ed@princesa, mode:FULL, rate:0
2026-03-11 10:45:04, MOVE, v:1, k:ed@princesa, mode:BACK
2026-03-11 21:03:43, MOVE, v:1, k:ed@pintando, mode:DOWN
2026-03-11 21:03:48, MOVE, v:1, k:ed@pintando, mode:PICK
2026-03-11 21:12:01, EXEC, v:1, k:ed@pintando, mode:FULL, rate:0, size:20
2026-03-11 21:12:54, EXEC, v:1, k:ed@pintando, mode:FULL, rate:0, size:20
2026-03-11 21:14:03, EXEC, v:1, k:ed@pintando, mode:FULL, rate:0, size:20
2026-03-11 21:16:35, EXEC, v:1, k:ed@pintando, mode:FULL, rate:0, size:20
2026-03-11 21:16:35, MOVE, v:1, k:ed@pintando, mode:BACK
2026-03-11 21:16:58, MOVE, v:1, k:ed@pintando, mode:PICK
2026-03-11 21:17:14, EXEC, v:1, k:ed@pintando, mode:FULL, rate:0
2026-03-11 21:17:33, MOVE, v:1, k:ed@pintando, mode:PICK
2026-03-11 21:17:36, EXEC, v:1, k:ed@pintando, mode:FULL, rate:0
2026-03-11 21:18:22, EXEC, v:1, k:ed@pintando, mode:FULL, rate:0, size:20
2026-03-11 21:18:35, EXEC, v:1, k:ed@pintando, mode:FULL, rate:0, size:20
2026-03-11 21:19:55, EXEC, v:1, k:ed@pintando, mode:FULL, rate:0, size:20
2026-03-11 21:20:47, EXEC, v:1, k:ed@pintando, mode:FREE, size:18
2026-03-11 21:21:01, EXEC, v:1, k:ed@pintando, mode:FULL, rate:0
2026-03-11 21:21:13, MOVE, v:1, k:ed@pintando, mode:BACK
2026-03-11 21:21:15, MOVE, v:1, k:ed@pintando, mode:PICK
2026-03-11 21:21:28, EXEC, v:1, k:ed@pintando, mode:FULL, rate:0, size:19
2026-03-11 21:23:59, MOVE, v:1, k:ed@pintando, mode:BACK
2026-03-11 21:25:25, MOVE, v:1, k:ed@pintando, mode:PICK
2026-03-11 21:25:40, EXEC, v:1, k:ed@pintando, mode:FULL, rate:0, size:18
2026-03-11 21:28:24, EXEC, v:1, k:ed@pintando, mode:FULL, rate:0, size:20
2026-03-11 21:28:42, EXEC, v:1, k:ed@pintando, mode:FULL, rate:0, size:20
2026-03-11 21:29:05, EXEC, v:1, k:ed@pintando, mode:FULL, rate:0, size:20
2026-03-11 21:36:38, EXEC, v:1, k:ed@pintando, mode:FULL, rate:100, size:18
2026-03-11 21:37:26, MOVE, v:1, k:ed@pintando, mode:BACK
2026-03-11 21:37:28, MOVE, v:1, k:ed@mumia, mode:DOWN
2026-03-11 21:37:30, MOVE, v:1, k:ed@mumia, mode:PICK
2026-03-11 21:48:51, EXEC, v:1, k:ed@mumia, mode:FULL, rate:100, size:29
2026-03-11 21:49:02, MOVE, v:1, k:ed@mumia, mode:BACK
2026-03-11 21:49:09, MOVE, v:1, k:ed@fuga, mode:DOWN
2026-03-11 21:49:13, MOVE, v:1, k:ed@fuga, mode:PICK
2026-03-11 22:16:55, EXEC, v:1, k:ed@fuga, mode:FULL, rate:10, size:37
2026-03-11 22:17:28, MOVE, v:1, k:ed@fuga, mode:BACK
