2026-06-03 09:05:17, MOVE, v:1, k:ed@editorint, mode:PICK
2026-06-03 09:05:17, MOVE, v:1, k:ed@editorint, mode:EDIT
2026-06-03 09:05:22, MOVE, v:1, k:ed@editorint, mode:EDIT
2026-06-03 09:05:25, MOVE, v:1, k:ed@editorint, mode:EDIT
2026-06-03 09:05:27, MOVE, v:1, k:ed@editorint, mode:EDIT
2026-06-03 09:05:27, MOVE, v:1, k:ed@editorint, mode:EDIT
2026-06-03 09:05:27, MOVE, v:1, k:ed@editorint, mode:EDIT
2026-06-03 10:09:41, MOVE, v:1, k:ed@editorint, mode:BACK
2026-06-03 16:25:07, MOVE, v:1, k:ed@gomos, mode:PICK
2026-06-03 16:25:10, EXEC, v:1, k:ed@gomos, mode:FULL, rate:100
2026-06-03 16:25:10, MOVE, v:1, k:ed@gomos, mode:BACK
2026-06-03 16:25:15, MOVE, v:1, k:ed@baruel, mode:PICK
2026-06-03 16:25:17, EXEC, v:1, k:ed@baruel, mode:FULL, rate:100
2026-06-03 16:25:17, MOVE, v:1, k:ed@baruel, mode:BACK
2026-06-03 16:25:21, MOVE, v:1, k:ed@fuga, mode:PICK
2026-06-03 16:25:23, EXEC, v:1, k:ed@fuga, mode:FULL, rate:100
2026-06-03 16:25:23, MOVE, v:1, k:ed@fuga, mode:BACK
2026-06-03 16:25:24, MOVE, v:1, k:ed@mumia, mode:PICK
2026-06-03 16:25:25, EXEC, v:1, k:ed@mumia, mode:FULL, rate:100
2026-06-03 16:25:25, MOVE, v:1, k:ed@mumia, mode:BACK
2026-06-03 16:27:18, MOVE, v:1, k:ed@mdc, mode:PICK
2026-06-03 16:27:20, EXEC, v:1, k:ed@mdc, mode:FULL, rate:100
2026-06-03 16:27:23, MOVE, v:1, k:ed@mdc, mode:BACK
2026-06-03 16:28:37, MOVE, v:1, k:ed@distancia, mode:PICK
2026-06-03 16:28:38, EXEC, v:1, k:ed@distancia, mode:FULL, rate:0
2026-06-03 16:28:39, MOVE, v:1, k:ed@distancia, mode:BACK
2026-06-03 16:28:46, MOVE, v:1, k:ed@distancia, mode:PICK
2026-06-03 16:28:58, MOVE, v:1, k:ed@distancia, mode:BACK
2026-06-03 18:35:42, MOVE, v:1, k:ed@buscas, mode:DOWN
2026-06-03 18:35:51, MOVE, v:1, k:ed@buscas, mode:PICK
2026-06-03 18:35:52, MOVE, v:1, k:ed@buscas, mode:EDIT
2026-06-03 18:35:42, MOVE, v:1, k:ed@buscas, mode:EDIT
2026-06-03 18:40:26, MOVE, v:1, k:ed@buscas, mode:EDIT
2026-06-03 18:45:24, MOVE, v:1, k:ed@buscas, mode:EDIT
2026-06-03 18:49:57, MOVE, v:1, k:ed@buscas, mode:EDIT
2026-06-03 18:55:17, MOVE, v:1, k:ed@buscas, mode:PICK
2026-06-03 18:55:23, EXEC, v:1, k:ed@buscas, mode:FULL, rate:0, size:24
2026-06-03 18:56:00, MOVE, v:1, k:ed@buscas, mode:BACK
2026-06-03 18:56:02, MOVE, v:1, k:ed@buscas, mode:PICK
2026-06-03 18:55:21, MOVE, v:1, k:ed@buscas, mode:EDIT
2026-06-03 19:00:09, MOVE, v:1, k:ed@buscas, mode:EDIT
2026-06-03 19:05:08, MOVE, v:1, k:ed@buscas, mode:EDIT
2026-06-03 19:07:57, MOVE, v:1, k:ed@buscas, mode:EDIT
2026-06-03 19:14:53, MOVE, v:1, k:ed@buscas, mode:EDIT
2026-06-03 19:15:45, MOVE, v:1, k:ed@buscas, mode:EDIT
2026-06-03 19:22:51, EXEC, v:1, k:ed@buscas, mode:FULL, rate:0, size:54
2026-06-03 19:23:16, EXEC, v:1, k:ed@buscas, mode:FULL, rate:0, size:54
2026-06-03 19:25:10, MOVE, v:1, k:ed@buscas, mode:EDIT
2026-06-03 19:23:14, MOVE, v:1, k:ed@buscas, mode:EDIT
2026-06-03 19:29:07, EXEC, v:1, k:ed@buscas, mode:FULL, rate:25, size:69
2026-06-03 19:29:23, MOVE, v:1, k:ed@buscas, mode:EDIT
2026-06-03 19:28:59, MOVE, v:1, k:ed@buscas, mode:EDIT
2026-06-03 19:29:06, MOVE, v:1, k:ed@buscas, mode:EDIT
2026-06-03 19:33:14, EXEC, v:1, k:ed@buscas, mode:FULL, rate:100, size:68
2026-06-03 19:33:11, MOVE, v:1, k:ed@buscas, mode:EDIT
2026-06-03 19:33:13, MOVE, v:1, k:ed@buscas, mode:EDIT
2026-06-03 19:35:42, EXEC, v:1, k:ed@buscas, mode:FULL, rate:100, size:65
2026-06-03 19:35:42, MOVE, v:1, k:ed@buscas, mode:BACK
2026-06-03 19:35:45, SELF, v:1, k:ed@buscas, self:1, rate:100
2026-06-03 19:35:51, MOVE, v:1, k:ed@rotacoes, mode:DOWN
2026-06-03 19:35:53, MOVE, v:1, k:ed@rotacoes, mode:PICK
2026-06-03 19:35:40, MOVE, v:1, k:ed@buscas, mode:EDIT
2026-06-03 19:35:41, MOVE, v:1, k:ed@buscas, mode:EDIT
2026-06-03 19:35:58, MOVE, v:1, k:ed@rotacoes, mode:EDIT
2026-06-03 19:35:51, MOVE, v:1, k:ed@rotacoes, mode:EDIT
2026-06-03 19:35:58, MOVE, v:1, k:ed@rotacoes, mode:EDIT
2026-06-03 19:46:57, EXEC, v:1, k:ed@rotacoes, mode:FULL, rate:0, size:12
2026-06-03 19:46:50, MOVE, v:1, k:ed@rotacoes, mode:EDIT
2026-06-03 19:46:56, MOVE, v:1, k:ed@rotacoes, mode:EDIT
2026-06-03 19:55:13, MOVE, v:1, k:ed@rotacoes, mode:EDIT
2026-06-03 19:58:49, MOVE, v:1, k:ed@rotacoes, mode:EDIT
2026-06-03 20:13:08, MOVE, v:1, k:ed@rotacoes, mode:EDIT
2026-06-03 23:03:44, MOVE, v:1, k:ed@rotacoes, mode:PICK
2026-06-03 23:03:46, EXEC, v:1, k:ed@rotacoes, mode:FULL, rate:0, size:42
2026-06-03 23:04:21, EXEC, v:1, k:ed@rotacoes, mode:FULL, rate:0, size:42
2026-06-03 23:08:37, EXEC, v:1, k:ed@rotacoes, mode:FULL, rate:100, size:52
2026-06-03 23:08:38, MOVE, v:1, k:ed@rotacoes, mode:BACK
2026-06-03 23:08:41, SELF, v:1, k:ed@rotacoes, self:1, rate:100
2026-06-03 23:03:44, MOVE, v:1, k:ed@rotacoes, mode:EDIT
2026-06-03 23:08:37, MOVE, v:1, k:ed@rotacoes, mode:EDIT
2026-06-03 23:08:36, MOVE, v:1, k:ed@rotacoes, mode:EDIT
